Archive member included to satisfy reference by file (symbol)

/home/yuval/st/stm32cubeide_1.15.1_2/plugins/com.st.stm32cube.ide.mcu.externaltools.gnu-tools-for-stm32.12.3.rel1.linux64_1.0.200.202406132123/tools/bin/../lib/gcc/arm-none-eabi/12.3.1/../../../../arm-none-eabi/lib/thumb/v7-m/nofp/libc_nano.a(libc_a-exit.o)
                              /home/yuval/st/stm32cubeide_1.15.1_2/plugins/com.st.stm32cube.ide.mcu.externaltools.gnu-tools-for-stm32.12.3.rel1.linux64_1.0.200.202406132123/tools/bin/../lib/gcc/arm-none-eabi/12.3.1/../../../../arm-none-eabi/lib/thumb/v7-m/nofp/crt0.o (exit)
/home/yuval/st/stm32cubeide_1.15.1_2/plugins/com.st.stm32cube.ide.mcu.externaltools.gnu-tools-for-stm32.12.3.rel1.linux64_1.0.200.202406132123/tools/bin/../lib/gcc/arm-none-eabi/12.3.1/../../../../arm-none-eabi/lib/thumb/v7-m/nofp/libc_nano.a(libc_a-findfp.o)
                              /home/yuval/st/stm32cubeide_1.15.1_2/plugins/com.st.stm32cube.ide.mcu.externaltools.gnu-tools-for-stm32.12.3.rel1.linux64_1.0.200.202406132123/tools/bin/../lib/gcc/arm-none-eabi/12.3.1/../../../../arm-none-eabi/lib/thumb/v7-m/nofp/libc_nano.a(libc_a-exit.o) (__stdio_exit_handler)
/home/yuval/st/stm32cubeide_1.15.1_2/plugins/com.st.stm32cube.ide.mcu.externaltools.gnu-tools-for-stm32.12.3.rel1.linux64_1.0.200.202406132123/tools/bin/../lib/gcc/arm-none-eabi/12.3.1/../../../../arm-none-eabi/lib/thumb/v7-m/nofp/libc_nano.a(libc_a-fwalk.o)
                              /home/yuval/st/stm32cubeide_1.15.1_2/plugins/com.st.stm32cube.ide.mcu.externaltools.gnu-tools-for-stm32.12.3.rel1.linux64_1.0.200.202406132123/tools/bin/../lib/gcc/arm-none-eabi/12.3.1/../../../../arm-none-eabi/lib/thumb/v7-m/nofp/libc_nano.a(libc_a-findfp.o) (_fwalk_sglue)
/home/yuval/st/stm32cubeide_1.15.1_2/plugins/com.st.stm32cube.ide.mcu.externaltools.gnu-tools-for-stm32.12.3.rel1.linux64_1.0.200.202406132123/tools/bin/../lib/gcc/arm-none-eabi/12.3.1/../../../../arm-none-eabi/lib/thumb/v7-m/nofp/libc_nano.a(libc_a-stdio.o)
                              /home/yuval/st/stm32cubeide_1.15.1_2/plugins/com.st.stm32cube.ide.mcu.externaltools.gnu-tools-for-stm32.12.3.rel1.linux64_1.0.200.202406132123/tools/bin/../lib/gcc/arm-none-eabi/12.3.1/../../../../arm-none-eabi/lib/thumb/v7-m/nofp/libc_nano.a(libc_a-findfp.o) (__sread)
/home/yuval/st/stm32cubeide_1.15.1_2/plugins/com.st.stm32cube.ide.mcu.externaltools.gnu-tools-for-stm32.12.3.rel1.linux64_1.0.200.202406132123/tools/bin/../lib/gcc/arm-none-eabi/12.3.1/../../../../arm-none-eabi/lib/thumb/v7-m/nofp/libc_nano.a(libc_a-memset.o)
                              /home/yuval/st/stm32cubeide_1.15.1_2/plugins/com.st.stm32cube.ide.mcu.externaltools.gnu-tools-for-stm32.12.3.rel1.linux64_1.0.200.202406132123/tools/bin/../lib/gcc/arm-none-eabi/12.3.1/../../../../arm-none-eabi/lib/thumb/v7-m/nofp/crt0.o (memset)
/home/yuval/st/stm32cubeide_1.15.1_2/plugins/com.st.stm32cube.ide.mcu.externaltools.gnu-tools-for-stm32.12.3.rel1.linux64_1.0.200.202406132123/tools/bin/../lib/gcc/arm-none-eabi/12.3.1/../../../../arm-none-eabi/lib/thumb/v7-m/nofp/libc_nano.a(libc_a-closer.o)
                              /home/yuval/st/stm32cubeide_1.15.1_2/plugins/com.st.stm32cube.ide.mcu.externaltools.gnu-tools-for-stm32.12.3.rel1.linux64_1.0.200.202406132123/tools/bin/../lib/gcc/arm-none-eabi/12.3.1/../../../../arm-none-eabi/lib/thumb/v7-m/nofp/libc_nano.a(libc_a-stdio.o) (_close_r)
/home/yuval/st/stm32cubeide_1.15.1_2/plugins/com.st.stm32cube.ide.mcu.externaltools.gnu-tools-for-stm32.12.3.rel1.linux64_1.0.200.202406132123/tools/bin/../lib/gcc/arm-none-eabi/12.3.1/../../../../arm-none-eabi/lib/thumb/v7-m/nofp/libc_nano.a(libc_a-reent.o)
                              /home/yuval/st/stm32cubeide_1.15.1_2/plugins/com.st.stm32cube.ide.mcu.externaltools.gnu-tools-for-stm32.12.3.rel1.linux64_1.0.200.202406132123/tools/bin/../lib/gcc/arm-none-eabi/12.3.1/../../../../arm-none-eabi/lib/thumb/v7-m/nofp/libc_nano.a(libc_a-closer.o) (errno)
/home/yuval/st/stm32cubeide_1.15.1_2/plugins/com.st.stm32cube.ide.mcu.externaltools.gnu-tools-for-stm32.12.3.rel1.linux64_1.0.200.202406132123/tools/bin/../lib/gcc/arm-none-eabi/12.3.1/../../../../arm-none-eabi/lib/thumb/v7-m/nofp/libc_nano.a(libc_a-impure.o)
                              /home/yuval/st/stm32cubeide_1.15.1_2/plugins/com.st.stm32cube.ide.mcu.externaltools.gnu-tools-for-stm32.12.3.rel1.linux64_1.0.200.202406132123/tools/bin/../lib/gcc/arm-none-eabi/12.3.1/../../../../arm-none-eabi/lib/thumb/v7-m/nofp/libc_nano.a(libc_a-reent.o) (_impure_ptr)
/home/yuval/st/stm32cubeide_1.15.1_2/plugins/com.st.stm32cube.ide.mcu.externaltools.gnu-tools-for-stm32.12.3.rel1.linux64_1.0.200.202406132123/tools/bin/../lib/gcc/arm-none-eabi/12.3.1/../../../../arm-none-eabi/lib/thumb/v7-m/nofp/libc_nano.a(libc_a-lseekr.o)
[...]
Memory Configuration

Name             Origin             Length             Attributes
RAM              0x20000000         0x00005000         xrw
FLASH            0x08000000         0x00010000         xr
*default*        0x00000000         0xffffffff

Linker script and memory map

LOAD /home/yuval/st/stm32cubeide_1.15.1_2/plugins/com.st.stm32cube.ide.mcu.externaltools.gnu-tools-for-stm32.12.3.rel1.linux64_1.0.200.202406132123/tools/bin/../lib/gcc/arm-none-eabi/12.3.1/thumb/v7-m/nofp/crti.o
LOAD /home/yuval/st/stm32cubeide_1.15.1_2/plugins/com.st.stm32cube.ide.mcu.externaltools.gnu-tools-for-stm32.12.3.rel1.linux64_1.0.200.202406132123/tools/bin/../lib/gcc/arm-none-eabi/12.3.1/thumb/v7-m/nofp/crtbegin.o
LOAD /home/yuval/st/stm32cubeide_1.15.1_2/plugins/com.st.stm32cube.ide.mcu.externaltools.gnu-tools-for-stm32.12.3.rel1.linux64_1.0.200.202406132123/tools/bin/../lib/gcc/arm-none-eabi/12.3.1/../../../../arm-none-eabi/lib/thumb/v7-m/nofp/crt0.o
LOAD ./Core/Src/GneralMains/main_PWM.o
LOAD ./Core/Src/GneralMains/main_Stepper.o
LOAD ./Core/Src/GneralMains/main_pusher_motor.o
LOAD ./Core/Src/freertos.o
LOAD ./Core/Src/main.o
LOAD ./Core/Src/stm32f1xx_hal_msp.o
LOAD ./Core/Src/stm32f1xx_hal_timebase_tim.o
LOAD ./Core/Src/stm32f1xx_it.o
LOAD ./Core/Src/syscalls.o
LOAD ./Core/Src/sysmem.o
LOAD ./Core/Src/system_stm32f1xx.o
LOAD ./Core/Startup/startup_stm32f103c8tx.o
LOAD ./Drivers/STM32F1xx_HAL_Driver/Src/stm32f1xx_hal.o
LOAD ./Drivers/STM32F1xx_HAL_Driver/Src/stm32f1xx_hal_cortex.o
LOAD ./Drivers/STM32F1xx_HAL_Driver/Src/stm32f1xx_hal_dma.o
LOAD ./Drivers/STM32F1xx_HAL_Driver/Src/stm32f1xx_hal_exti.o
LOAD ./Drivers/STM32F1xx_HAL_Driver/Src/stm32f1xx_hal_flash.o
LOAD ./Drivers/STM32F1xx_HAL_Driver/Src/stm32f1xx_hal_flash_ex.o
LOAD ./Drivers/STM32F1xx_HAL_Driver/Src/stm32f1xx_hal_gpio.o
LOAD ./Drivers/STM32F1xx_HAL_Driver/Src/stm32f1xx_hal_gpio_ex.o
LOAD ./Drivers/STM32F1xx_HAL_Driver/Src/stm32f1xx_hal_pwr.o
LOAD ./Drivers/STM32F1xx_HAL_Driver/Src/stm32f1xx_hal_rcc.o
LOAD ./Drivers/STM32F1xx_HAL_Driver/Src/stm32f1xx_hal_rcc_ex.o
LOAD ./Drivers/STM32F1xx_HAL_Driver/Src/stm32f1xx_hal_tim.o
LOAD ./Drivers/STM32F1xx_HAL_Driver/Src/stm32f1xx_hal_tim_ex.o
LOAD ./Drivers/STM32F1xx_HAL_Driver/Src/stm32f1xx_hal_uart.o
LOAD ./Middlewares/Third_Party/FreeRTOS/Source/CMSIS_RTOS/cmsis_os.o
LOAD ./Middlewares/Third_Party/FreeRTOS/Source/croutine.o
LOAD ./Middlewares/Third_Party/FreeRTOS/Source/event_groups.o
LOAD ./Middlewares/Third_Party/FreeRTOS/Source/list.o
LOAD ./Middlewares/Third_Party/FreeRTOS/Source/queue.o
LOAD ./Middlewares/Third_Party/FreeRTOS/Source/stream_buffer.o
LOAD ./Middlewares/Third_Party/FreeRTOS/Source/tasks.o
LOAD ./Middlewares/Third_Party/FreeRTOS/Source/timers.o
LOAD ./Middlewares/Third_Party/FreeRTOS/Source/portable/GCC/ARM_CM3/port.o
LOAD ./Middlewares/Third_Party/FreeRTOS/Source/portable/MemMang/heap_4.o
START GROUP
LOAD /home/yuval/st/stm32cubeide_1.15.1_2/plugins/com.st.stm32cube.ide.mcu.externaltools.gnu-tools-for-stm32.12.3.rel1.linux64_1.0.200.202406132123/tools/bin/../lib/gcc/arm-none-eabi/12.3.1/../../../../arm-none-eabi/lib/thumb/v7-m/nofp/libc_nano.a
LOAD /home/yuval/st/stm32cubeide_1.15.1_2/plugins/com.st.stm32cube.ide.mcu.externaltools.gnu-tools-for-stm32.12.3.rel1.linux64_1.0.200.202406132123/tools/bin/../lib/gcc/arm-none-eabi/12.3.1/../../../../arm-none-eabi/lib/thumb/v7-m/nofp/libm.a
END GROUP
START GROUP
LOAD /home/yuval/st/stm32cubeide_1.15.1_2/plugins/com.st.stm32cube.ide.mcu.externaltools.gnu-tools-for-stm32.12.3.rel1.linux64_1.0.200.202406132123/tools/bin/../lib/gcc/arm-none-eabi/12.3.1/thumb/v7-m/nofp/libgcc.a
LOAD /home/yuval/st/stm32cubeide_1.15.1_2/plugins/com.st.stm32cube.ide.mcu.externaltools.gnu-tools-for-stm32.12.3.rel1.linux64_1.0.200.202406132123/tools/bin/../lib/gcc/arm-none-eabi/12.3.1/../../../../arm-none-eabi/lib/thumb/v7-m/nofp/libc_nano.a
END GROUP
START GROUP
LOAD /home/yuval/st/stm32cubeide_1.15.1_2/plugins/com.st.stm32cube.ide.mcu.externaltools.gnu-tools-for-stm32.12.3.rel1.linux64_1.0.200.202406132123/tools/bin/../lib/gcc/arm-none-eabi/12.3.1/thumb/v7-m/nofp/libgcc.a
LOAD /home/yuval/st/stm32cubeide_1.15.1_2/plugins/com.st.stm32cube.ide.mcu.externaltools.gnu-tools-for-stm32.12.3.rel1.linux64_1.0.200.202406132123/tools/bin/../lib/gcc/arm-none-eabi/12.3.1/../../../../arm-none-eabi/lib/thumb/v7-m/nofp/libc_nano.a
LOAD /home/yuval/st/stm32cubeide_1.15.1_2/plugins/com.st.stm32cube.ide.mcu.externaltools.gnu-tools-for-stm32.12.3.rel1.linux64_1.0.200.202406132123/tools/bin/../lib/gcc/arm-none-eabi/12.3.1/../../../../arm-none-eabi/lib/thumb/v7-m/nofp/libnosys.a
END GROUP
START GROUP
LOAD /home/yuval/st/stm32cubeide_1.15.1_2/plugins/com.st.stm32cube.ide.mcu.externaltools.gnu-tools-for-stm32.12.3.rel1.linux64_1.0.200.202406132123/tools/bin/../lib/gcc/arm-none-eabi/12.3.1/thumb/v7-m/nofp/libgcc.a
LOAD /home/yuval/st/stm32cubeide_1.15.1_2/plugins/com.st.stm32cube.ide.mcu.externaltools.gnu-tools-for-stm32.12.3.rel1.linux64_1.0.200.202406132123/tools/bin/../lib/gcc/arm-none-eabi/12.3.1/../../../../arm-none-eabi/lib/thumb/v7-m/nofp/libc_nano.a
LOAD /home/yuval/st/stm32cubeide_1.15.1_2/plugins/com.st.stm32cube.ide.mcu.externaltools.gnu-tools-for-stm32.12.3.rel1.linux64_1.0.200.202406132123/tools/bin/../lib/gcc/arm-none-eabi/12.3.1/../../../../arm-none-eabi/lib/thumb/v7-m/nofp/libnosys.a
END GROUP
LOAD /home/yuval/st/stm32cubeide_1.15.1_2/plugins/com.st.stm32cube.ide.mcu.externaltools.gnu-tools-for-stm32.12.3.rel1.linux64_1.0.200.202406132123/tools/bin/../lib/gcc/arm-none-eabi/12.3.1/thumb/v7-m/nofp/crtend.o
LOAD /home/yuval/st/stm32cubeide_1.15.1_2/plugins/com.st.stm32cube.ide.mcu.externaltools.gnu-tools-for-stm32.12.3.rel1.linux64_1.0.200.202406132123/tools/bin/../lib/gcc/arm-none-eabi/12.3.1/thumb/v7-m/nofp/crtn.o
                0x20005000                        _estack = (ORIGIN (RAM) + LENGTH (RAM))
                0x00000200                        _Min_Heap_Size = 0x200
                0x00000400                        _Min_Stack_Size = 0x400

.isr_vector     0x08000000      0x10c
                0x08000000                        . = ALIGN (0x4)
 *(.isr_vector)
 .isr_vector    0x08000000      0x10c ./Core/Startup/startup_stm32f103c8tx.o
                0x08000000                g_pfnVectors
                0x0800010c                        . = ALIGN (0x4)

.text           0x08000110     0x5848
                0x08000110                        . = ALIGN (0x4)
 *(.text)
 .text          0x08000110       0x40 /home/yuval/st/stm32cubeide_1.15.1_2/plugins/com.st.stm32cube.ide.mcu.externaltools.gnu-tools-for-stm32.12.3.rel1.linux64_1.0.200.202406132123/tools/bin/../lib/gcc/arm-none-eabi/12.3.1/thumb/v7-m/nofp/crtbegin.o
 *(.text*)
 .text.vApplicationGetIdleTaskMemory
                0x08000150       0x30 ./Core/Src/freertos.o
                0x08000150                vApplicationGetIdleTaskMemory
 .text.main     0x08000180       0xa8 ./Core/Src/main.o
                0x08000180                main
 .text.SystemClock_Config
                0x08000228       0x8a ./Core/Src/main.o
                0x08000228                SystemClock_Config
 *fill*         0x080002b2        0x2 
 .text.MX_TIM2_Init
                0x080002b4      0x108 ./Core/Src/main.o
 .text.MX_USART1_UART_Init
                0x080003bc       0x60 ./Core/Src/main.o
 .text.MX_GPIO_Init
                0x0800041c       0xf4 ./Core/Src/main.o
 .text.HAL_UART_RxCpltCallback
                0x08000510       0x6c ./Core/Src/main.o
                0x08000510                HAL_UART_RxCpltCallback
 .text.callibration
                0x0800057c       0x7c ./Core/Src/main.o
                0x0800057c                callibration
 .text.calculateStepsToLevel
                0x080005f8       0x68 ./Core/Src/main.o
                0x080005f8                calculateStepsToLevel
 .text.StepperMove
                0x08000660       0x94 ./Core/Src/main.o
                0x08000660                StepperMove
 .text.pullingHandlePush
                0x080006f4       0x5c ./Core/Src/main.o
                0x080006f4                pullingHandlePush
 .text.cardPushSpin
                0x08000750       0x58 ./Core/Src/main.o
                0x08000750                cardPushSpin
 .text.getMessege
                0x080007a8       0xa4 ./Core/Src/main.o
                0x080007a8                getMessege
 .text.StartDefaultTask
                0x0800084c      0x128 ./Core/Src/main.o
                0x0800084c                StartDefaultTask
 .text.HAL_TIM_PeriodElapsedCallback
                0x08000974       0x24 ./Core/Src/main.o
                0x08000974                HAL_TIM_PeriodElapsedCallback
 .text.Error_Handler
                0x08000998        0xc ./Core/Src/main.o
                0x08000998                Error_Handler
 .text.HAL_MspInit
                0x080009a4       0x70 ./Core/Src/stm32f1xx_hal_msp.o
                0x080009a4                HAL_MspInit
 .text.HAL_TIM_Base_MspInit
                0x08000a14       0x38 ./Core/Src/stm32f1xx_hal_msp.o
                0x08000a14                HAL_TIM_Base_MspInit
 .text.HAL_TIM_MspPostInit
                0x08000a4c       0x60 ./Core/Src/stm32f1xx_hal_msp.o
                0x08000a4c                HAL_TIM_MspPostInit
 .text.HAL_UART_MspInit
                0x08000aac       0xa8 ./Core/Src/stm32f1xx_hal_msp.o
                0x08000aac                HAL_UART_MspInit
 .text.HAL_InitTick
                0x08000b54       0xfc ./Core/Src/stm32f1xx_hal_timebase_tim.o
                0x08000b54                HAL_InitTick
 .text.NMI_Handler
                0x08000c50        0x8 ./Core/Src/stm32f1xx_it.o
                0x08000c50                NMI_Handler
 .text.HardFault_Handler
                0x08000c58        0x8 ./Core/Src/stm32f1xx_it.o
                0x08000c58                HardFault_Handler
 .text.MemManage_Handler
                0x08000c60        0x8 ./Core/Src/stm32f1xx_it.o
                0x08000c60                MemManage_Handler
 .text.BusFault_Handler
                0x08000c68        0x8 ./Core/Src/stm32f1xx_it.o
                0x08000c68                BusFault_Handler
 .text.UsageFault_Handler
                0x08000c70        0x8 ./Core/Src/stm32f1xx_it.o
                0x08000c70                UsageFault_Handler
 .text.DebugMon_Handler
                0x08000c78        0xc ./Core/Src/stm32f1xx_it.o
                0x08000c78                DebugMon_Handler
 .text.TIM4_IRQHandler
                0x08000c84       0x14 ./Core/Src/stm32f1xx_it.o
                0x08000c84                TIM4_IRQHandler
 .text.USART1_IRQHandler
                0x08000c98       0x14 ./Core/Src/stm32f1xx_it.o
                0x08000c98                USART1_IRQHandler
 .text.SystemInit
                0x08000cac        0xc ./Core/Src/system_stm32f1xx.o
                0x08000cac                SystemInit
 .text.Reset_Handler
                0x08000cb8       0x48 ./Core/Startup/startup_stm32f103c8tx.o
                0x08000cb8                Reset_Handler
 .text.Default_Handler
                0x08000d00        0x2 ./Core/Startup/startup_stm32f103c8tx.o
                0x08000d00                RTC_Alarm_IRQHandler
                0x08000d00                EXTI2_IRQHandler
                0x08000d00                TIM1_CC_IRQHandler
                0x08000d00                PVD_IRQHandler
                0x08000d00                EXTI3_IRQHandler
                0x08000d00                EXTI0_IRQHandler
                0x08000d00                I2C2_EV_IRQHandler
                0x08000d00                ADC1_2_IRQHandler
                0x08000d00                SPI1_IRQHandler
                0x08000d00                TAMPER_IRQHandler
                0x08000d00                DMA1_Channel4_IRQHandler
                0x08000d00                USART3_IRQHandler
                0x08000d00                RTC_IRQHandler
                0x08000d00                DMA1_Channel7_IRQHandler
                0x08000d00                CAN1_RX1_IRQHandler
                0x08000d00                I2C1_EV_IRQHandler
                0x08000d00                DMA1_Channel6_IRQHandler
                0x08000d00                TIM3_IRQHandler
                0x08000d00                RCC_IRQHandler
                0x08000d00                TIM1_TRG_COM_IRQHandler
                0x08000d00                DMA1_Channel1_IRQHandler
                0x08000d00                Default_Handler
                0x08000d00                EXTI15_10_IRQHandler
                0x08000d00                EXTI9_5_IRQHandler
                0x08000d00                SPI2_IRQHandler
                0x08000d00                DMA1_Channel5_IRQHandler
                0x08000d00                EXTI4_IRQHandler
                0x08000d00                USB_LP_CAN1_RX0_IRQHandler
                0x08000d00                USB_HP_CAN1_TX_IRQHandler
                0x08000d00                DMA1_Channel3_IRQHandler
                0x08000d00                TIM1_UP_IRQHandler
                0x08000d00                WWDG_IRQHandler
                0x08000d00                TIM2_IRQHandler
                0x08000d00                TIM1_BRK_IRQHandler
                0x08000d00                EXTI1_IRQHandler
                0x08000d00                USART2_IRQHandler
                0x08000d00                I2C2_ER_IRQHandler
                0x08000d00                DMA1_Channel2_IRQHandler
                0x08000d00                CAN1_SCE_IRQHandler
                0x08000d00                FLASH_IRQHandler
                0x08000d00                I2C1_ER_IRQHandler
                0x08000d00                USBWakeUp_IRQHandler
 *fill*         0x08000d02        0x2 
 .text.HAL_Init
                0x08000d04       0x2c ./Drivers/STM32F1xx_HAL_Driver/Src/stm32f1xx_hal.o
                0x08000d04                HAL_Init
 .text.HAL_IncTick
                0x08000d30       0x24 ./Drivers/STM32F1xx_HAL_Driver/Src/stm32f1xx_hal.o
                0x08000d30                HAL_IncTick
 .text.HAL_GetTick
                0x08000d54       0x14 ./Drivers/STM32F1xx_HAL_Driver/Src/stm32f1xx_hal.o
                0x08000d54                HAL_GetTick
 .text.__NVIC_SetPriorityGrouping
                0x08000d68       0x48 ./Drivers/STM32F1xx_HAL_Driver/Src/stm32f1xx_hal_cortex.o
 .text.__NVIC_GetPriorityGrouping
                0x08000db0       0x1c ./Drivers/STM32F1xx_HAL_Driver/Src/stm32f1xx_hal_cortex.o
 .text.__NVIC_EnableIRQ
                0x08000dcc       0x38 ./Drivers/STM32F1xx_HAL_Driver/Src/stm32f1xx_hal_cortex.o
 .text.__NVIC_SetPriority
                0x08000e04       0x54 ./Drivers/STM32F1xx_HAL_Driver/Src/stm32f1xx_hal_cortex.o
 .text.NVIC_EncodePriority
                0x08000e58       0x64 ./Drivers/STM32F1xx_HAL_Driver/Src/stm32f1xx_hal_cortex.o
 .text.__NVIC_SystemReset
                0x08000ebc       0x2c ./Drivers/STM32F1xx_HAL_Driver/Src/stm32f1xx_hal_cortex.o
 .text.HAL_NVIC_SetPriorityGrouping
                0x08000ee8       0x16 ./Drivers/STM32F1xx_HAL_Driver/Src/stm32f1xx_hal_cortex.o
                0x08000ee8                HAL_NVIC_SetPriorityGrouping
 .text.HAL_NVIC_SetPriority
                0x08000efe       0x38 ./Drivers/STM32F1xx_HAL_Driver/Src/stm32f1xx_hal_cortex.o
                0x08000efe                HAL_NVIC_SetPriority
 .text.HAL_NVIC_EnableIRQ
                0x08000f36       0x1c ./Drivers/STM32F1xx_HAL_Driver/Src/stm32f1xx_hal_cortex.o
                0x08000f36                HAL_NVIC_EnableIRQ
 .text.HAL_NVIC_SystemReset
                0x08000f52        0x8 ./Drivers/STM32F1xx_HAL_Driver/Src/stm32f1xx_hal_cortex.o
                0x08000f52                HAL_NVIC_SystemReset
 .text.HAL_DMA_Abort
                0x08000f5a       0x76 ./Drivers/STM32F1xx_HAL_Driver/Src/stm32f1xx_hal_dma.o
                0x08000f5a                HAL_DMA_Abort
 .text.HAL_DMA_Abort_IT
                0x08000fd0       0xf0 ./Drivers/STM32F1xx_HAL_Driver/Src/stm32f1xx_hal_dma.o
                0x08000fd0                HAL_DMA_Abort_IT
 .text.HAL_GPIO_Init
                0x080010c0      0x308 ./Drivers/STM32F1xx_HAL_Driver/Src/stm32f1xx_hal_gpio.o
                0x080010c0                HAL_GPIO_Init
 .text.HAL_GPIO_ReadPin
                0x080013c8       0x2e ./Drivers/STM32F1xx_HAL_Driver/Src/stm32f1xx_hal_gpio.o
                0x080013c8                HAL_GPIO_ReadPin
 .text.HAL_GPIO_WritePin
                0x080013f6       0x30 ./Drivers/STM32F1xx_HAL_Driver/Src/stm32f1xx_hal_gpio.o
                0x080013f6                HAL_GPIO_WritePin
 *fill*         0x08001426        0x2 
 .text.HAL_RCC_OscConfig
                0x08001428      0x504 ./Drivers/STM32F1xx_HAL_Driver/Src/stm32f1xx_hal_rcc.o
                0x08001428                HAL_RCC_OscConfig
 .text.HAL_RCC_ClockConfig
                0x0800192c      0x1d4 ./Drivers/STM32F1xx_HAL_Driver/Src/stm32f1xx_hal_rcc.o
                0x0800192c                HAL_RCC_ClockConfig
 .text.HAL_RCC_GetSysClockFreq
                0x08001b00       0xa8 ./Drivers/STM32F1xx_HAL_Driver/Src/stm32f1xx_hal_rcc.o
                0x08001b00                HAL_RCC_GetSysClockFreq
 .text.HAL_RCC_GetHCLKFreq
                0x08001ba8       0x14 ./Drivers/STM32F1xx_HAL_Driver/Src/stm32f1xx_hal_rcc.o
                0x08001ba8                HAL_RCC_GetHCLKFreq
 .text.HAL_RCC_GetPCLK1Freq
                0x08001bbc       0x28 ./Drivers/STM32F1xx_HAL_Driver/Src/stm32f1xx_hal_rcc.o
                0x08001bbc                HAL_RCC_GetPCLK1Freq
 .text.HAL_RCC_GetPCLK2Freq
                0x08001be4       0x28 ./Drivers/STM32F1xx_HAL_Driver/Src/stm32f1xx_hal_rcc.o
                0x08001be4                HAL_RCC_GetPCLK2Freq
 .text.HAL_RCC_GetClockConfig
                0x08001c0c       0x60 ./Drivers/STM32F1xx_HAL_Driver/Src/stm32f1xx_hal_rcc.o
                0x08001c0c                HAL_RCC_GetClockConfig
 .text.RCC_Delay
                0x08001c6c       0x3c ./Drivers/STM32F1xx_HAL_Driver/Src/stm32f1xx_hal_rcc.o
 .text.HAL_TIM_Base_Init
                0x08001ca8       0x9e ./Drivers/STM32F1xx_HAL_Driver/Src/stm32f1xx_hal_tim.o
                0x08001ca8                HAL_TIM_Base_Init
 *fill*         0x08001d46        0x2 
 .text.HAL_TIM_Base_Start_IT
                0x08001d48       0xa4 ./Drivers/STM32F1xx_HAL_Driver/Src/stm32f1xx_hal_tim.o
                0x08001d48                HAL_TIM_Base_Start_IT
 .text.HAL_TIM_PWM_Init
                0x08001dec       0x9e ./Drivers/STM32F1xx_HAL_Driver/Src/stm32f1xx_hal_tim.o
                0x08001dec                HAL_TIM_PWM_Init
 .text.HAL_TIM_PWM_MspInit
                0x08001e8a       0x12 ./Drivers/STM32F1xx_HAL_Driver/Src/stm32f1xx_hal_tim.o
                0x08001e8a                HAL_TIM_PWM_MspInit
 .text.HAL_TIM_PWM_Start
                0x08001e9c      0x144 ./Drivers/STM32F1xx_HAL_Driver/Src/stm32f1xx_hal_tim.o
                0x08001e9c                HAL_TIM_PWM_Start
 .text.HAL_TIM_PWM_Stop
                0x08001fe0       0xc8 ./Drivers/STM32F1xx_HAL_Driver/Src/stm32f1xx_hal_tim.o
                0x08001fe0                HAL_TIM_PWM_Stop
 .text.HAL_TIM_IRQHandler
                0x080020a8      0x210 ./Drivers/STM32F1xx_HAL_Driver/Src/stm32f1xx_hal_tim.o
                0x080020a8                HAL_TIM_IRQHandler
 .text.HAL_TIM_PWM_ConfigChannel
                0x080022b8      0x184 ./Drivers/STM32F1xx_HAL_Driver/Src/stm32f1xx_hal_tim.o
                0x080022b8                HAL_TIM_PWM_ConfigChannel
 .text.HAL_TIM_ConfigClockSource
                0x0800243c      0x18e ./Drivers/STM32F1xx_HAL_Driver/Src/stm32f1xx_hal_tim.o
                0x0800243c                HAL_TIM_ConfigClockSource
 .text.HAL_TIM_OC_DelayElapsedCallback
                0x080025ca       0x12 ./Drivers/STM32F1xx_HAL_Driver/Src/stm32f1xx_hal_tim.o
                0x080025ca                HAL_TIM_OC_DelayElapsedCallback
 .text.HAL_TIM_IC_CaptureCallback
                0x080025dc       0x12 ./Drivers/STM32F1xx_HAL_Driver/Src/stm32f1xx_hal_tim.o
                0x080025dc                HAL_TIM_IC_CaptureCallback
 .text.HAL_TIM_PWM_PulseFinishedCallback
                0x080025ee       0x12 ./Drivers/STM32F1xx_HAL_Driver/Src/stm32f1xx_hal_tim.o
                0x080025ee                HAL_TIM_PWM_PulseFinishedCallback
 .text.HAL_TIM_TriggerCallback
                0x08002600       0x12 ./Drivers/STM32F1xx_HAL_Driver/Src/stm32f1xx_hal_tim.o
                0x08002600                HAL_TIM_TriggerCallback
 *fill*         0x08002612        0x2 
 .text.TIM_Base_SetConfig
                0x08002614       0xc4 ./Drivers/STM32F1xx_HAL_Driver/Src/stm32f1xx_hal_tim.o
                0x08002614                TIM_Base_SetConfig
 .text.TIM_OC1_SetConfig
                0x080026d8       0xcc ./Drivers/STM32F1xx_HAL_Driver/Src/stm32f1xx_hal_tim.o
 .text.TIM_OC2_SetConfig
                0x080027a4       0xd4 ./Drivers/STM32F1xx_HAL_Driver/Src/stm32f1xx_hal_tim.o
                0x080027a4                TIM_OC2_SetConfig
 .text.TIM_OC3_SetConfig
                0x08002878       0xd4 ./Drivers/STM32F1xx_HAL_Driver/Src/stm32f1xx_hal_tim.o
 .text.TIM_OC4_SetConfig
                0x0800294c       0x9c ./Drivers/STM32F1xx_HAL_Driver/Src/stm32f1xx_hal_tim.o
 .text.TIM_TI1_ConfigInputStage
                0x080029e8       0x5c ./Drivers/STM32F1xx_HAL_Driver/Src/stm32f1xx_hal_tim.o
 .text.TIM_TI2_ConfigInputStage
                0x08002a44       0x5e ./Drivers/STM32F1xx_HAL_Driver/Src/stm32f1xx_hal_tim.o
 .text.TIM_ITRx_SetConfig
                0x08002aa2       0x34 ./Drivers/STM32F1xx_HAL_Driver/Src/stm32f1xx_hal_tim.o
 .text.TIM_ETR_SetConfig
                0x08002ad6       0x3e ./Drivers/STM32F1xx_HAL_Driver/Src/stm32f1xx_hal_tim.o
                0x08002ad6                TIM_ETR_SetConfig
 .text.TIM_CCxChannelCmd
                0x08002b14       0x48 ./Drivers/STM32F1xx_HAL_Driver/Src/stm32f1xx_hal_tim.o
                0x08002b14                TIM_CCxChannelCmd
 .text.HAL_TIMEx_MasterConfigSynchronization
                0x08002b5c       0xbc ./Drivers/STM32F1xx_HAL_Driver/Src/stm32f1xx_hal_tim_ex.o
                0x08002b5c                HAL_TIMEx_MasterConfigSynchronization
 .text.HAL_TIMEx_CommutCallback
                0x08002c18       0x12 ./Drivers/STM32F1xx_HAL_Driver/Src/stm32f1xx_hal_tim_ex.o
                0x08002c18                HAL_TIMEx_CommutCallback
 .text.HAL_TIMEx_BreakCallback
                0x08002c2a       0x12 ./Drivers/STM32F1xx_HAL_Driver/Src/stm32f1xx_hal_tim_ex.o
                0x08002c2a                HAL_TIMEx_BreakCallback
 .text.HAL_UART_Init
                0x08002c3c       0xa0 ./Drivers/STM32F1xx_HAL_Driver/Src/stm32f1xx_hal_uart.o
                0x08002c3c                HAL_UART_Init
 .text.HAL_UART_Transmit
                0x08002cdc      0x106 ./Drivers/STM32F1xx_HAL_Driver/Src/stm32f1xx_hal_uart.o
                0x08002cdc                HAL_UART_Transmit
 .text.HAL_UART_Receive_IT
                0x08002de2       0x4a ./Drivers/STM32F1xx_HAL_Driver/Src/stm32f1xx_hal_uart.o
                0x08002de2                HAL_UART_Receive_IT
 .text.HAL_UART_IRQHandler
                0x08002e2c      0x524 ./Drivers/STM32F1xx_HAL_Driver/Src/stm32f1xx_hal_uart.o
                0x08002e2c                HAL_UART_IRQHandler
 .text.HAL_UART_TxCpltCallback
                0x08003350       0x12 ./Drivers/STM32F1xx_HAL_Driver/Src/stm32f1xx_hal_uart.o
                0x08003350                HAL_UART_TxCpltCallback
 .text.HAL_UART_ErrorCallback
                0x08003362       0x12 ./Drivers/STM32F1xx_HAL_Driver/Src/stm32f1xx_hal_uart.o
                0x08003362                HAL_UART_ErrorCallback
 .text.HAL_UARTEx_RxEventCallback
                0x08003374       0x16 ./Drivers/STM32F1xx_HAL_Driver/Src/stm32f1xx_hal_uart.o
                0x08003374                HAL_UARTEx_RxEventCallback
 .text.UART_WaitOnFlagUntilTimeout
                0x0800338a       0xdc ./Drivers/STM32F1xx_HAL_Driver/Src/stm32f1xx_hal_uart.o
 .text.UART_Start_Receive_IT
                0x08003466       0x72 ./Drivers/STM32F1xx_HAL_Driver/Src/stm32f1xx_hal_uart.o
                0x08003466                UART_Start_Receive_IT
 .text.UART_EndRxTransfer
                0x080034d8       0xc4 ./Drivers/STM32F1xx_HAL_Driver/Src/stm32f1xx_hal_uart.o
 .text.UART_DMAAbortOnError
                0x0800359c       0x28 ./Drivers/STM32F1xx_HAL_Driver/Src/stm32f1xx_hal_uart.o
 .text.UART_Transmit_IT
                0x080035c4       0x9e ./Drivers/STM32F1xx_HAL_Driver/Src/stm32f1xx_hal_uart.o
 .text.UART_EndTransmit_IT
                0x08003662       0x30 ./Drivers/STM32F1xx_HAL_Driver/Src/stm32f1xx_hal_uart.o
 .text.UART_Receive_IT
                0x08003692      0x17c ./Drivers/STM32F1xx_HAL_Driver/Src/stm32f1xx_hal_uart.o
 *fill*         0x0800380e        0x2 
 .text.UART_SetConfig
                0x08003810      0x11c ./Drivers/STM32F1xx_HAL_Driver/Src/stm32f1xx_hal_uart.o
 .text.vListInitialise
                0x0800392c       0x3e ./Middlewares/Third_Party/FreeRTOS/Source/list.o
                0x0800392c                vListInitialise
 .text.vListInitialiseItem
                0x0800396a       0x18 ./Middlewares/Third_Party/FreeRTOS/Source/list.o
                0x0800396a                vListInitialiseItem
 .text.vListInsertEnd
                0x08003982       0x46 ./Middlewares/Third_Party/FreeRTOS/Source/list.o
                0x08003982                vListInsertEnd
 .text.vListInsert
                0x080039c8       0x70 ./Middlewares/Third_Party/FreeRTOS/Source/list.o
                0x080039c8                vListInsert
 .text.uxListRemove
                0x08003a38       0x52 ./Middlewares/Third_Party/FreeRTOS/Source/list.o
                0x08003a38                uxListRemove
 *fill*         0x08003a8a        0x2 
 .text.xQueueGenericReset
                0x08003a8c       0xd4 ./Middlewares/Third_Party/FreeRTOS/Source/queue.o
                0x08003a8c                xQueueGenericReset
 .text.xQueueGenericCreate
                0x08003b60       0x7e ./Middlewares/Third_Party/FreeRTOS/Source/queue.o
                0x08003b60                xQueueGenericCreate
 .text.prvInitialiseNewQueue
                0x08003bde       0x3e ./Middlewares/Third_Party/FreeRTOS/Source/queue.o
 .text.xQueueGenericSendFromISR
                0x08003c1c      0x136 ./Middlewares/Third_Party/FreeRTOS/Source/queue.o
                0x08003c1c                xQueueGenericSendFromISR
 *fill*         0x08003d52        0x2 
 .text.xQueueReceive
                0x08003d54      0x1c4 ./Middlewares/Third_Party/FreeRTOS/Source/queue.o
                0x08003d54                xQueueReceive
 .text.prvCopyDataToQueue
                0x08003f18       0xd4 ./Middlewares/Third_Party/FreeRTOS/Source/queue.o
 .text.prvCopyDataFromQueue
                0x08003fec       0x4c ./Middlewares/Third_Party/FreeRTOS/Source/queue.o
 .text.prvUnlockQueue
                0x08004038       0xa4 ./Middlewares/Third_Party/FreeRTOS/Source/queue.o
 .text.prvIsQueueEmpty
                0x080040dc       0x2c ./Middlewares/Third_Party/FreeRTOS/Source/queue.o
 .text.xTaskCreateStatic
                0x08004108       0xbe ./Middlewares/Third_Party/FreeRTOS/Source/tasks.o
                0x08004108                xTaskCreateStatic
 .text.xTaskCreate
                0x080041c6       0x8a ./Middlewares/Third_Party/FreeRTOS/Source/tasks.o
                0x080041c6                xTaskCreate
 .text.prvInitialiseNewTask
                0x08004250      0x100 ./Middlewares/Third_Party/FreeRTOS/Source/tasks.o
 .text.prvAddNewTaskToReadyList
                0x08004350       0xd4 ./Middlewares/Third_Party/FreeRTOS/Source/tasks.o
 .text.vTaskDelay
                0x08004424       0x6c ./Middlewares/Third_Party/FreeRTOS/Source/tasks.o
                0x08004424                vTaskDelay
 .text.vTaskSuspend
                0x08004490      0x128 ./Middlewares/Third_Party/FreeRTOS/Source/tasks.o
                0x08004490                vTaskSuspend
 .text.prvTaskIsTaskSuspended
                0x080045b8       0x78 ./Middlewares/Third_Party/FreeRTOS/Source/tasks.o
 .text.vTaskResume
                0x08004630       0xbc ./Middlewares/Third_Party/FreeRTOS/Source/tasks.o
                0x08004630                vTaskResume
 .text.vTaskStartScheduler
                0x080046ec       0xc4 ./Middlewares/Third_Party/FreeRTOS/Source/tasks.o
                0x080046ec                vTaskStartScheduler
 .text.vTaskSuspendAll
                0x080047b0       0x1c ./Middlewares/Third_Party/FreeRTOS/Source/tasks.o
                0x080047b0                vTaskSuspendAll
 .text.xTaskResumeAll
                0x080047cc      0x13c ./Middlewares/Third_Party/FreeRTOS/Source/tasks.o
                0x080047cc                xTaskResumeAll
 .text.xTaskIncrementTick
                0x08004908      0x17c ./Middlewares/Third_Party/FreeRTOS/Source/tasks.o
                0x08004908                xTaskIncrementTick
 .text.vTaskSwitchContext
                0x08004a84       0xb8 ./Middlewares/Third_Party/FreeRTOS/Source/tasks.o
                0x08004a84                vTaskSwitchContext
 .text.vTaskPlaceOnEventList
                0x08004b3c       0x4c ./Middlewares/Third_Party/FreeRTOS/Source/tasks.o
                0x08004b3c                vTaskPlaceOnEventList
 .text.xTaskRemoveFromEventList
                0x08004b88       0xc8 ./Middlewares/Third_Party/FreeRTOS/Source/tasks.o
                0x08004b88                xTaskRemoveFromEventList
 .text.vTaskInternalSetTimeOutState
                0x08004c50       0x2c ./Middlewares/Third_Party/FreeRTOS/Source/tasks.o
                0x08004c50                vTaskInternalSetTimeOutState
 .text.xTaskCheckForTimeOut
                0x08004c7c       0xc8 ./Middlewares/Third_Party/FreeRTOS/Source/tasks.o
                0x08004c7c                xTaskCheckForTimeOut
 .text.vTaskMissedYield
                0x08004d44       0x18 ./Middlewares/Third_Party/FreeRTOS/Source/tasks.o
                0x08004d44                vTaskMissedYield
 .text.prvIdleTask
                0x08004d5c       0x30 ./Middlewares/Third_Party/FreeRTOS/Source/tasks.o
 .text.prvInitialiseTaskLists
                0x08004d8c       0x80 ./Middlewares/Third_Party/FreeRTOS/Source/tasks.o
 .text.prvCheckTasksWaitingTermination
                0x08004e0c       0x5c ./Middlewares/Third_Party/FreeRTOS/Source/tasks.o
 .text.prvDeleteTCB
                0x08004e68       0x60 ./Middlewares/Third_Party/FreeRTOS/Source/tasks.o
 .text.prvResetNextTaskUnblockTime
                0x08004ec8       0x48 ./Middlewares/Third_Party/FreeRTOS/Source/tasks.o
 .text.xTaskGetSchedulerState
                0x08004f10       0x3c ./Middlewares/Third_Party/FreeRTOS/Source/tasks.o
                0x08004f10                xTaskGetSchedulerState
 .text.xTaskPriorityDisinherit
                0x08004f4c      0x110 ./Middlewares/Third_Party/FreeRTOS/Source/tasks.o
                0x08004f4c                xTaskPriorityDisinherit
 .text.prvAddCurrentTaskToDelayedList
                0x0800505c       0xcc ./Middlewares/Third_Party/FreeRTOS/Source/tasks.o
 .text.pxPortInitialiseStack
                0x08005128       0x58 ./Middlewares/Third_Party/FreeRTOS/Source/portable/GCC/ARM_CM3/port.o
                0x08005128                pxPortInitialiseStack
 .text.prvTaskExitError
                0x08005180       0x58 ./Middlewares/Third_Party/FreeRTOS/Source/portable/GCC/ARM_CM3/port.o
 *fill*         0x080051d8        0x8 
 .text.SVC_Handler
                0x080051e0       0x28 ./Middlewares/Third_Party/FreeRTOS/Source/portable/GCC/ARM_CM3/port.o
                0x080051e0                SVC_Handler
 .text.prvPortStartFirstTask
                0x08005208       0x20 ./Middlewares/Third_Party/FreeRTOS/Source/portable/GCC/ARM_CM3/port.o
 .text.xPortStartScheduler
                0x08005228       0xe4 ./Middlewares/Third_Party/FreeRTOS/Source/portable/GCC/ARM_CM3/port.o
                0x08005228                xPortStartScheduler
 .text.vPortEnterCritical
                0x0800530c       0x60 ./Middlewares/Third_Party/FreeRTOS/Source/portable/GCC/ARM_CM3/port.o
                0x0800530c                vPortEnterCritical
 .text.vPortExitCritical
                0x0800536c       0x54 ./Middlewares/Third_Party/FreeRTOS/Source/portable/GCC/ARM_CM3/port.o
                0x0800536c                vPortExitCritical
 .text.PendSV_Handler
                0x080053c0       0x48 ./Middlewares/Third_Party/FreeRTOS/Source/portable/GCC/ARM_CM3/port.o
                0x080053c0                PendSV_Handler
 .text.SysTick_Handler
                0x08005408       0x44 ./Middlewares/Third_Party/FreeRTOS/Source/portable/GCC/ARM_CM3/port.o
                0x08005408                SysTick_Handler
 .text.vPortSetupTimerInterrupt
                0x0800544c       0x44 ./Middlewares/Third_Party/FreeRTOS/Source/portable/GCC/ARM_CM3/port.o
                0x0800544c                vPortSetupTimerInterrupt
 .text.vPortValidateInterruptPriority
                0x08005490       0x80 ./Middlewares/Third_Party/FreeRTOS/Source/portable/GCC/ARM_CM3/port.o
                0x08005490                vPortValidateInterruptPriority
 .text.pvPortMalloc
                0x08005510      0x190 ./Middlewares/Third_Party/FreeRTOS/Source/portable/MemMang/heap_4.o
                0x08005510                pvPortMalloc
 .text.vPortFree
                0x080056a0       0xb8 ./Middlewares/Third_Party/FreeRTOS/Source/portable/MemMang/heap_4.o
                0x080056a0                vPortFree
 .text.prvHeapInit
                0x08005758       0xc4 ./Middlewares/Third_Party/FreeRTOS/Source/portable/MemMang/heap_4.o
 .text.prvInsertBlockIntoFreeList
                0x0800581c       0xb0 ./Middlewares/Third_Party/FreeRTOS/Source/portable/MemMang/heap_4.o
 .text.memset   0x080058cc       0x10 /home/yuval/st/stm32cubeide_1.15.1_2/plugins/com.st.stm32cube.ide.mcu.externaltools.gnu-tools-for-stm32.12.3.rel1.linux64_1.0.200.202406132123/tools/bin/../lib/gcc/arm-none-eabi/12.3.1/../../../../arm-none-eabi/lib/thumb/v7-m/nofp/libc_nano.a(libc_a-memset.o)
                0x080058cc                memset
 .text.__libc_init_array
                0x080058dc       0x48 /home/yuval/st/stm32cubeide_1.15.1_2/plugins/com.st.stm32cube.ide.mcu.externaltools.gnu-tools-for-stm32.12.3.rel1.linux64_1.0.200.202406132123/tools/bin/../lib/gcc/arm-none-eabi/12.3.1/../../../../arm-none-eabi/lib/thumb/v7-m/nofp/libc_nano.a(libc_a-init.o)
                0x080058dc                __libc_init_array
 .text.memcpy   0x08005924       0x1c /home/yuval/st/stm32cubeide_1.15.1_2/plugins/com.st.stm32cube.ide.mcu.externaltools.gnu-tools-for-stm32.12.3.rel1.linux64_1.0.200.202406132123/tools/bin/../lib/gcc/arm-none-eabi/12.3.1/../../../../arm-none-eabi/lib/thumb/v7-m/nofp/libc_nano.a(libc_a-memcpy-stub.o)
                0x08005924                memcpy
 *(.glue_7)
 .glue_7        0x08005940        0x0 linker stubs
 *(.glue_7t)
 .glue_7t       0x08005940        0x0 linker stubs
 *(.eh_frame)
 .eh_frame      0x08005940        0x0 /home/yuval/st/stm32cubeide_1.15.1_2/plugins/com.st.stm32cube.ide.mcu.externaltools.gnu-tools-for-stm32.12.3.rel1.linux64_1.0.200.202406132123/tools/bin/../lib/gcc/arm-none-eabi/12.3.1/thumb/v7-m/nofp/crtbegin.o
 *(.init)
 .init          0x08005940        0x4 /home/yuval/st/stm32cubeide_1.15.1_2/plugins/com.st.stm32cube.ide.mcu.externaltools.gnu-tools-for-stm32.12.3.rel1.linux64_1.0.200.202406132123/tools/bin/../lib/gcc/arm-none-eabi/12.3.1/thumb/v7-m/nofp/crti.o
                0x08005940                _init
 .init          0x08005944        0x8 /home/yuval/st/stm32cubeide_1.15.1_2/plugins/com.st.stm32cube.ide.mcu.externaltools.gnu-tools-for-stm32.12.3.rel1.linux64_1.0.200.202406132123/tools/bin/../lib/gcc/arm-none-eabi/12.3.1/thumb/v7-m/nofp/crtn.o
 *(.fini)
 .fini          0x0800594c        0x4 /home/yuval/st/stm32cubeide_1.15.1_2/plugins/com.st.stm32cube.ide.mcu.externaltools.gnu-tools-for-stm32.12.3.rel1.linux64_1.0.200.202406132123/tools/bin/../lib/gcc/arm-none-eabi/12.3.1/thumb/v7-m/nofp/crti.o
                0x0800594c                _fini
 .fini          0x08005950        0x8 /home/yuval/st/stm32cubeide_1.15.1_2/plugins/com.st.stm32cube.ide.mcu.externaltools.gnu-tools-for-stm32.12.3.rel1.linux64_1.0.200.202406132123/tools/bin/../lib/gcc/arm-none-eabi/12.3.1/thumb/v7-m/nofp/crtn.o
                0x08005958                        . = ALIGN (0x4)
                0x08005958                        _etext = .

.vfp11_veneer   0x08005958        0x0
 .vfp11_veneer  0x08005958        0x0 linker stubs

.v4_bx          0x08005958        0x0
 .v4_bx         0x08005958        0x0 linker stubs

.iplt           0x08005958        0x0
 .iplt          0x08005958        0x0 /home/yuval/st/stm32cubeide_1.15.1_2/plugins/com.st.stm32cube.ide.mcu.externaltools.gnu-tools-for-stm32.12.3.rel1.linux64_1.0.200.202406132123/tools/bin/../lib/gcc/arm-none-eabi/12.3.1/thumb/v7-m/nofp/crtbegin.o

.rodata         0x08005958       0x40
                0x08005958                        . = ALIGN (0x4)
 *(.rodata)
 .rodata        0x08005958        0xa ./Core/Src/main.o
 *fill*         0x08005962        0x2 
 .rodata        0x08005964        0x5 ./Middlewares/Third_Party/FreeRTOS/Source/tasks.o
 *(.rodata*)
 *fill*         0x08005969        0x3 
 .rodata.AHBPrescTable
                0x0800596c       0x10 ./Core/Src/system_stm32f1xx.o
                0x0800596c                AHBPrescTable
 .rodata.APBPrescTable
                0x0800597c        0x8 ./Core/Src/system_stm32f1xx.o
                0x0800597c                APBPrescTable
 .rodata.aPLLMULFactorTable.1
                0x08005984       0x10 ./Drivers/STM32F1xx_HAL_Driver/Src/stm32f1xx_hal_rcc.o
 .rodata.aPredivFactorTable.0
                0x08005994        0x2 ./Drivers/STM32F1xx_HAL_Driver/Src/stm32f1xx_hal_rcc.o
                0x08005998                        . = ALIGN (0x4)
 *fill*         0x08005996        0x2 

.ARM.extab      0x08005998        0x0
                0x08005998                        . = ALIGN (0x4)
 *(.ARM.extab* .gnu.linkonce.armextab.*)
                0x08005998                        . = ALIGN (0x4)

.ARM            0x08005998        0x0
                0x08005998                        . = ALIGN (0x4)
                0x08005998                        __exidx_start = .
 *(.ARM.exidx*)
                0x08005998                        __exidx_end = .
                0x08005998                        . = ALIGN (0x4)

.preinit_array  0x08005998        0x0
                0x08005998                        . = ALIGN (0x4)
                0x08005998                        PROVIDE (__preinit_array_start = .)
 *(.preinit_array*)
                0x08005998                        PROVIDE (__preinit_array_end = .)
                0x08005998                        . = ALIGN (0x4)

.init_array     0x08005998        0x4
                0x08005998                        . = ALIGN (0x4)
                0x08005998                        PROVIDE (__init_array_start = .)
 *(SORT_BY_NAME(.init_array.*))
 *(.init_array*)
 .init_array    0x08005998        0x4 /home/yuval/st/stm32cubeide_1.15.1_2/plugins/com.st.stm32cube.ide.mcu.externaltools.gnu-tools-for-stm32.12.3.rel1.linux64_1.0.200.202406132123/tools/bin/../lib/gcc/arm-none-eabi/12.3.1/thumb/v7-m/nofp/crtbegin.o
                0x0800599c                        PROVIDE (__init_array_end = .)
                0x0800599c                        . = ALIGN (0x4)

.fini_array     0x0800599c        0x4
                0x0800599c                        . = ALIGN (0x4)
                [!provide]                        PROVIDE (__fini_array_start = .)
 *(SORT_BY_NAME(.fini_array.*))
 *(.fini_array*)
 .fini_array    0x0800599c        0x4 /home/yuval/st/stm32cubeide_1.15.1_2/plugins/com.st.stm32cube.ide.mcu.externaltools.gnu-tools-for-stm32.12.3.rel1.linux64_1.0.200.202406132123/tools/bin/../lib/gcc/arm-none-eabi/12.3.1/thumb/v7-m/nofp/crtbegin.o
                [!provide]                        PROVIDE (__fini_array_end = .)
                0x080059a0                        . = ALIGN (0x4)
                0x080059a0                        _sidata = LOADADDR (.data)

.rel.dyn        0x080059a0        0x0
 .rel.iplt      0x080059a0        0x0 /home/yuval/st/stm32cubeide_1.15.1_2/plugins/com.st.stm32cube.ide.mcu.externaltools.gnu-tools-for-stm32.12.3.rel1.linux64_1.0.200.202406132123/tools/bin/../lib/gcc/arm-none-eabi/12.3.1/thumb/v7-m/nofp/crtbegin.o

.data           0x20000000       0x14 load address 0x080059a0
                0x20000000                        . = ALIGN (0x4)
                0x20000000                        _sdata = .
 *(.data)
 *(.data*)
 .data.taskSuspendFlag
                0x20000000        0x1 ./Core/Src/main.o
                0x20000000                taskSuspendFlag
 *fill*         0x20000001        0x3 
 .data.SystemCoreClock
                0x20000004        0x4 ./Core/Src/system_stm32f1xx.o
                0x20000004                SystemCoreClock
 .data.uwTickPrio
                0x20000008        0x4 ./Drivers/STM32F1xx_HAL_Driver/Src/stm32f1xx_hal.o
                0x20000008                uwTickPrio
 .data.uwTickFreq
                0x2000000c        0x1 ./Drivers/STM32F1xx_HAL_Driver/Src/stm32f1xx_hal.o
                0x2000000c                uwTickFreq
 *fill*         0x2000000d        0x3 
 .data.uxCriticalNesting
                0x20000010        0x4 ./Middlewares/Third_Party/FreeRTOS/Source/portable/GCC/ARM_CM3/port.o
 *(.RamFunc)
 *(.RamFunc*)
                0x20000014                        . = ALIGN (0x4)
                0x20000014                        _edata = .

.igot.plt       0x20000014        0x0 load address 0x080059b4
 .igot.plt      0x20000014        0x0 /home/yuval/st/stm32cubeide_1.15.1_2/plugins/com.st.stm32cube.ide.mcu.externaltools.gnu-tools-for-stm32.12.3.rel1.linux64_1.0.200.202406132123/tools/bin/../lib/gcc/arm-none-eabi/12.3.1/thumb/v7-m/nofp/crtbegin.o
                0x20000014                        . = ALIGN (0x4)

.bss            0x20000014     0x10b4 load address 0x080059b4
                0x20000014                        _sbss = .
                0x20000014                        __bss_start__ = _sbss
 *(.bss)
 .bss           0x20000014       0x1c /home/yuval/st/stm32cubeide_1.15.1_2/plugins/com.st.stm32cube.ide.mcu.externaltools.gnu-tools-for-stm32.12.3.rel1.linux64_1.0.200.202406132123/tools/bin/../lib/gcc/arm-none-eabi/12.3.1/thumb/v7-m/nofp/crtbegin.o
 *(.bss*)
 .bss.xIdleTaskTCBBuffer
                0x20000030       0x54 ./Core/Src/freertos.o
 .bss.xIdleStack
                0x20000084      0x200 ./Core/Src/freertos.o
 .bss.htim2     0x20000284       0x48 ./Core/Src/main.o
                0x20000284                htim2
 .bss.huart1    0x200002cc       0x48 ./Core/Src/main.o
                0x200002cc                huart1
 .bss.xHandleMainTask
                0x20000314        0x4 ./Core/Src/main.o
                0x20000314                xHandleMainTask
 .bss.xQueueUART
                0x20000318        0x4 ./Core/Src/main.o
                0x20000318                xQueueUART
 .bss.rxBuffer  0x2000031c        0x2 ./Core/Src/main.o
                0x2000031c                rxBuffer
 *fill*         0x2000031e        0x2 
 .bss.pvBuffer  0x20000320        0x2 ./Core/Src/main.o
                0x20000320                pvBuffer
 .bss.trayPosition
                0x20000322        0x2 ./Core/Src/main.o
                0x20000322                trayPosition
 .bss.theMessege
                0x20000324        0x5 ./Core/Src/main.o
                0x20000324                theMessege
 *fill*         0x20000329        0x3 
 .bss.xReturned
                0x2000032c        0x4 ./Core/Src/main.o
                0x2000032c                xReturned
 .bss.htim4     0x20000330       0x48 ./Core/Src/stm32f1xx_hal_timebase_tim.o
                0x20000330                htim4
 .bss.uwTick    0x20000378        0x4 ./Drivers/STM32F1xx_HAL_Driver/Src/stm32f1xx_hal.o
                0x20000378                uwTick
 .bss.pxCurrentTCB
                0x2000037c        0x4 ./Middlewares/Third_Party/FreeRTOS/Source/tasks.o
                0x2000037c                pxCurrentTCB
 .bss.pxReadyTasksLists
                0x20000380       0x8c ./Middlewares/Third_Party/FreeRTOS/Source/tasks.o
 .bss.xDelayedTaskList1
                0x2000040c       0x14 ./Middlewares/Third_Party/FreeRTOS/Source/tasks.o
 .bss.xDelayedTaskList2
                0x20000420       0x14 ./Middlewares/Third_Party/FreeRTOS/Source/tasks.o
 .bss.pxDelayedTaskList
                0x20000434        0x4 ./Middlewares/Third_Party/FreeRTOS/Source/tasks.o
 .bss.pxOverflowDelayedTaskList
                0x20000438        0x4 ./Middlewares/Third_Party/FreeRTOS/Source/tasks.o
 .bss.xPendingReadyList
                0x2000043c       0x14 ./Middlewares/Third_Party/FreeRTOS/Source/tasks.o
 .bss.xTasksWaitingTermination
                0x20000450       0x14 ./Middlewares/Third_Party/FreeRTOS/Source/tasks.o
 .bss.uxDeletedTasksWaitingCleanUp
                0x20000464        0x4 ./Middlewares/Third_Party/FreeRTOS/Source/tasks.o
 .bss.xSuspendedTaskList
                0x20000468       0x14 ./Middlewares/Third_Party/FreeRTOS/Source/tasks.o
 .bss.uxCurrentNumberOfTasks
                0x2000047c        0x4 ./Middlewares/Third_Party/FreeRTOS/Source/tasks.o
 .bss.xTickCount
                0x20000480        0x4 ./Middlewares/Third_Party/FreeRTOS/Source/tasks.o
 .bss.uxTopReadyPriority
                0x20000484        0x4 ./Middlewares/Third_Party/FreeRTOS/Source/tasks.o
 .bss.xSchedulerRunning
                0x20000488        0x4 ./Middlewares/Third_Party/FreeRTOS/Source/tasks.o
 .bss.uxPendedTicks
                0x2000048c        0x4 ./Middlewares/Third_Party/FreeRTOS/Source/tasks.o
 .bss.xYieldPending
                0x20000490        0x4 ./Middlewares/Third_Party/FreeRTOS/Source/tasks.o
 .bss.xNumOfOverflows
                0x20000494        0x4 ./Middlewares/Third_Party/FreeRTOS/Source/tasks.o
 .bss.uxTaskNumber
                0x20000498        0x4 ./Middlewares/Third_Party/FreeRTOS/Source/tasks.o
 .bss.xNextTaskUnblockTime
                0x2000049c        0x4 ./Middlewares/Third_Party/FreeRTOS/Source/tasks.o
 .bss.xIdleTaskHandle
                0x200004a0        0x4 ./Middlewares/Third_Party/FreeRTOS/Source/tasks.o
 .bss.uxSchedulerSuspended
                0x200004a4        0x4 ./Middlewares/Third_Party/FreeRTOS/Source/tasks.o
 .bss.ucMaxSysCallPriority
                0x200004a8        0x1 ./Middlewares/Third_Party/FreeRTOS/Source/portable/GCC/ARM_CM3/port.o
 *fill*         0x200004a9        0x3 
 .bss.ulMaxPRIGROUPValue
                0x200004ac        0x4 ./Middlewares/Third_Party/FreeRTOS/Source/portable/GCC/ARM_CM3/port.o
 .bss.ucHeap    0x200004b0      0xc00 ./Middlewares/Third_Party/FreeRTOS/Source/portable/MemMang/heap_4.o
 .bss.xStart    0x200010b0        0x8 ./Middlewares/Third_Party/FreeRTOS/Source/portable/MemMang/heap_4.o
 .bss.pxEnd     0x200010b8        0x4 ./Middlewares/Third_Party/FreeRTOS/Source/portable/MemMang/heap_4.o
 .bss.xFreeBytesRemaining
                0x200010bc        0x4 ./Middlewares/Third_Party/FreeRTOS/Source/portable/MemMang/heap_4.o
 .bss.xMinimumEverFreeBytesRemaining
                0x200010c0        0x4 ./Middlewares/Third_Party/FreeRTOS/Source/portable/MemMang/heap_4.o
 .bss.xBlockAllocatedBit
                0x200010c4        0x4 ./Middlewares/Third_Party/FreeRTOS/Source/portable/MemMang/heap_4.o
 *(COMMON)
                0x200010c8                        . = ALIGN (0x4)
                0x200010c8                        _ebss = .
                0x200010c8                        __bss_end__ = _ebss

._user_heap_stack
                0x200010c8      0x600 load address 0x080059b4
                0x200010c8                        . = ALIGN (0x8)
                [!provide]                        PROVIDE (end = .)
                0x200010c8                        PROVIDE (_end = .)
                0x200012c8                        . = (. + _Min_Heap_Size)
 *fill*         0x200010c8      0x200 
                0x200016c8                        . = (. + _Min_Stack_Size)
 *fill*         0x200012c8      0x400 
                0x200016c8                        . = ALIGN (0x8)

/DISCARD/
 libc.a(*)
 libm.a(*)
 libgcc.a(*)

.ARM.attributes
                0x00000000       0x29
 *(.ARM.attributes)
 .ARM.attributes
                0x00000000       0x1d /home/yuval/st/stm32cubeide_1.15.1_2/plugins/com.st.stm32cube.ide.mcu.externaltools.gnu-tools-for-stm32.12.3.rel1.linux64_1.0.200.202406132123/tools/bin/../lib/gcc/arm-none-eabi/12.3.1/thumb/v7-m/nofp/crti.o
 .ARM.attributes
                0x0000001d       0x2d /home/yuval/st/stm32cubeide_1.15.1_2/plugins/com.st.stm32cube.ide.mcu.externaltools.gnu-tools-for-stm32.12.3.rel1.linux64_1.0.200.202406132123/tools/bin/../lib/gcc/arm-none-eabi/12.3.1/thumb/v7-m/nofp/crtbegin.o
 .ARM.attributes
                0x0000004a       0x2d ./Core/Src/freertos.o
 .ARM.attributes
                0x00000077       0x2d ./Core/Src/main.o
 .ARM.attributes
                0x000000a4       0x2d ./Core/Src/stm32f1xx_hal_msp.o
 .ARM.attributes
                0x000000d1       0x2d ./Core/Src/stm32f1xx_hal_timebase_tim.o
 .ARM.attributes
                0x000000fe       0x2d ./Core/Src/stm32f1xx_it.o
 .ARM.attributes
                0x0000012b       0x2d ./Core/Src/system_stm32f1xx.o
 .ARM.attributes
                0x00000158       0x21 ./Core/Startup/startup_stm32f103c8tx.o
 .ARM.attributes
                0x00000179       0x2d ./Drivers/STM32F1xx_HAL_Driver/Src/stm32f1xx_hal.o
 .ARM.attributes
                0x000001a6       0x2d ./Drivers/STM32F1xx_HAL_Driver/Src/stm32f1xx_hal_cortex.o
 .ARM.attributes
                0x000001d3       0x2d ./Drivers/STM32F1xx_HAL_Driver/Src/stm32f1xx_hal_dma.o
 .ARM.attributes
                0x00000200       0x2d ./Drivers/STM32F1xx_HAL_Driver/Src/stm32f1xx_hal_gpio.o
 .ARM.attributes
                0x0000022d       0x2d ./Drivers/STM32F1xx_HAL_Driver/Src/stm32f1xx_hal_rcc.o
 .ARM.attributes
                0x0000025a       0x2d ./Drivers/STM32F1xx_HAL_Driver/Src/stm32f1xx_hal_tim.o
 .ARM.attributes
                0x00000287       0x2d ./Drivers/STM32F1xx_HAL_Driver/Src/stm32f1xx_hal_tim_ex.o
 .ARM.attributes
                0x000002b4       0x2d ./Drivers/STM32F1xx_HAL_Driver/Src/stm32f1xx_hal_uart.o
 .ARM.attributes
                0x000002e1       0x2d ./Middlewares/Third_Party/FreeRTOS/Source/list.o
 .ARM.attributes
                0x0000030e       0x2d ./Middlewares/Third_Party/FreeRTOS/Source/queue.o
 .ARM.attributes
                0x0000033b       0x2d ./Middlewares/Third_Party/FreeRTOS/Source/tasks.o
 .ARM.attributes
                0x00000368       0x2d ./Middlewares/Third_Party/FreeRTOS/Source/portable/GCC/ARM_CM3/port.o
 .ARM.attributes
                0x00000395       0x2d ./Middlewares/Third_Party/FreeRTOS/Source/portable/MemMang/heap_4.o
 .ARM.attributes
                0x000003c2       0x2d /home/yuval/st/stm32cubeide_1.15.1_2/plugins/com.st.stm32cube.ide.mcu.externaltools.gnu-tools-for-stm32.12.3.rel1.linux64_1.0.200.202406132123/tools/bin/../lib/gcc/arm-none-eabi/12.3.1/../../../../arm-none-eabi/lib/thumb/v7-m/nofp/libc_nano.a(libc_a-memset.o)
 .ARM.attributes
                0x000003ef       0x2d /home/yuval/st/stm32cubeide_1.15.1_2/plugins/com.st.stm32cube.ide.mcu.externaltools.gnu-tools-for-stm32.12.3.rel1.linux64_1.0.200.202406132123/tools/bin/../lib/gcc/arm-none-eabi/12.3.1/../../../../arm-none-eabi/lib/thumb/v7-m/nofp/libc_nano.a(libc_a-init.o)
 .ARM.attributes
                0x0000041c       0x2d /home/yuval/st/stm32cubeide_1.15.1_2/plugins/com.st.stm32cube.ide.mcu.externaltools.gnu-tools-for-stm32.12.3.rel1.linux64_1.0.200.202406132123/tools/bin/../lib/gcc/arm-none-eabi/12.3.1/../../../../arm-none-eabi/lib/thumb/v7-m/nofp/libc_nano.a(libc_a-memcpy-stub.o)
 .ARM.attributes
                0x00000449       0x1d /home/yuval/st/stm32cubeide_1.15.1_2/plugins/com.st.stm32cube.ide.mcu.externaltools.gnu-tools-for-stm32.12.3.rel1.linux64_1.0.200.202406132123/tools/bin/../lib/gcc/arm-none-eabi/12.3.1/thumb/v7-m/nofp/crtn.o
OUTPUT(SortingCardMachine-BluePill.elf elf32-littlearm)
LOAD linker stubs
LOAD /home/yuval/st/stm32cubeide_1.15.1_2/plugins/com.st.stm32cube.ide.mcu.externaltools.gnu-tools-for-stm32.12.3.rel1.linux64_1.0.200.202406132123/tools/bin/../lib/gcc/arm-none-eabi/12.3.1/../../../../arm-none-eabi/lib/thumb/v7-m/nofp/libc.a
LOAD /home/yuval/st/stm32cubeide_1.15.1_2/plugins/com.st.stm32cube.ide.mcu.externaltools.gnu-tools-for-stm32.12.3.rel1.linux64_1.0.200.202406132123/tools/bin/../lib/gcc/arm-none-eabi/12.3.1/../../../../arm-none-eabi/lib/thumb/v7-m/nofp/libm.a
LOAD /home/yuval/st/stm32cubeide_1.15.1_2/plugins/com.st.stm32cube.ide.mcu.externaltools.gnu-tools-for-stm32.12.3.rel1.linux64_1.0.200.202406132123/tools/bin/../lib/gcc/arm-none-eabi/12.3.1/thumb/v7-m/nofp/libgcc.a

.debug_info     0x00000000    0x10ab7
 .debug_info    0x00000000      0x279 ./Core/Src/freertos.o
 .debug_info    0x00000279     0x147f ./Core/Src/main.o
 .debug_info    0x000016f8      0xd76 ./Core/Src/stm32f1xx_hal_msp.o
 .debug_info    0x0000246e      0x9a8 ./Core/Src/stm32f1xx_hal_timebase_tim.o
 .debug_info    0x00002e16      0x913 ./Core/Src/stm32f1xx_it.o
 .debug_info    0x00003729      0x222 ./Core/Src/system_stm32f1xx.o
 .debug_info    0x0000394b       0x30 ./Core/Startup/startup_stm32f103c8tx.o
 .debug_info    0x0000397b      0x704 ./Drivers/STM32F1xx_HAL_Driver/Src/stm32f1xx_hal.o
 .debug_info    0x0000407f      0xa87 ./Drivers/STM32F1xx_HAL_Driver/Src/stm32f1xx_hal_cortex.o
 .debug_info    0x00004b06      0x6d2 ./Drivers/STM32F1xx_HAL_Driver/Src/stm32f1xx_hal_dma.o
 .debug_info    0x000051d8      0x5ab ./Drivers/STM32F1xx_HAL_Driver/Src/stm32f1xx_hal_gpio.o
 .debug_info    0x00005783      0x7d5 ./Drivers/STM32F1xx_HAL_Driver/Src/stm32f1xx_hal_rcc.o
 .debug_info    0x00005f58     0x293b ./Drivers/STM32F1xx_HAL_Driver/Src/stm32f1xx_hal_tim.o
 .debug_info    0x00008893     0x149b ./Drivers/STM32F1xx_HAL_Driver/Src/stm32f1xx_hal_tim_ex.o
 .debug_info    0x00009d2e     0x2fa8 ./Drivers/STM32F1xx_HAL_Driver/Src/stm32f1xx_hal_uart.o
 .debug_info    0x0000ccd6      0x2aa ./Middlewares/Third_Party/FreeRTOS/Source/list.o
 .debug_info    0x0000cf80     0x1722 ./Middlewares/Third_Party/FreeRTOS/Source/queue.o
 .debug_info    0x0000e6a2     0x1bbe ./Middlewares/Third_Party/FreeRTOS/Source/tasks.o
 .debug_info    0x00010260      0x494 ./Middlewares/Third_Party/FreeRTOS/Source/portable/GCC/ARM_CM3/port.o
 .debug_info    0x000106f4      0x3c3 ./Middlewares/Third_Party/FreeRTOS/Source/portable/MemMang/heap_4.o

.debug_abbrev   0x00000000     0x2aee
 .debug_abbrev  0x00000000       0xd2 ./Core/Src/freertos.o
 .debug_abbrev  0x000000d2      0x35b ./Core/Src/main.o
 .debug_abbrev  0x0000042d      0x1fa ./Core/Src/stm32f1xx_hal_msp.o
 .debug_abbrev  0x00000627      0x1f3 ./Core/Src/stm32f1xx_hal_timebase_tim.o
 .debug_abbrev  0x0000081a      0x188 ./Core/Src/stm32f1xx_it.o
 .debug_abbrev  0x000009a2      0x13f ./Core/Src/system_stm32f1xx.o
 .debug_abbrev  0x00000ae1       0x24 ./Core/Startup/startup_stm32f103c8tx.o
 .debug_abbrev  0x00000b05      0x201 ./Drivers/STM32F1xx_HAL_Driver/Src/stm32f1xx_hal.o
 .debug_abbrev  0x00000d06      0x2f8 ./Drivers/STM32F1xx_HAL_Driver/Src/stm32f1xx_hal_cortex.o
 .debug_abbrev  0x00000ffe      0x20b ./Drivers/STM32F1xx_HAL_Driver/Src/stm32f1xx_hal_dma.o
 .debug_abbrev  0x00001209      0x1ca ./Drivers/STM32F1xx_HAL_Driver/Src/stm32f1xx_hal_gpio.o
 .debug_abbrev  0x000013d3      0x2b3 ./Drivers/STM32F1xx_HAL_Driver/Src/stm32f1xx_hal_rcc.o
 .debug_abbrev  0x00001686      0x277 ./Drivers/STM32F1xx_HAL_Driver/Src/stm32f1xx_hal_tim.o
 .debug_abbrev  0x000018fd      0x282 ./Drivers/STM32F1xx_HAL_Driver/Src/stm32f1xx_hal_tim_ex.o
 .debug_abbrev  0x00001b7f      0x2f8 ./Drivers/STM32F1xx_HAL_Driver/Src/stm32f1xx_hal_uart.o
 .debug_abbrev  0x00001e77       0xf5 ./Middlewares/Third_Party/FreeRTOS/Source/list.o
 .debug_abbrev  0x00001f6c      0x3cd ./Middlewares/Third_Party/FreeRTOS/Source/queue.o
 .debug_abbrev  0x00002339      0x358 ./Middlewares/Third_Party/FreeRTOS/Source/tasks.o
 .debug_abbrev  0x00002691      0x258 ./Middlewares/Third_Party/FreeRTOS/Source/portable/GCC/ARM_CM3/port.o
 .debug_abbrev  0x000028e9      0x205 ./Middlewares/Third_Party/FreeRTOS/Source/portable/MemMang/heap_4.o

.debug_aranges  0x00000000     0x1020
 .debug_aranges
                0x00000000       0x20 ./Core/Src/freertos.o
 .debug_aranges
                0x00000020       0xa0 ./Core/Src/main.o
 .debug_aranges
                0x000000c0       0x48 ./Core/Src/stm32f1xx_hal_msp.o
 .debug_aranges
                0x00000108       0x30 ./Core/Src/stm32f1xx_hal_timebase_tim.o
 .debug_aranges
                0x00000138       0x58 ./Core/Src/stm32f1xx_it.o
 .debug_aranges
                0x00000190       0x28 ./Core/Src/system_stm32f1xx.o
 .debug_aranges
                0x000001b8       0x28 ./Core/Startup/startup_stm32f103c8tx.o
 .debug_aranges
                0x000001e0       0xe0 ./Drivers/STM32F1xx_HAL_Driver/Src/stm32f1xx_hal.o
 .debug_aranges
                0x000002c0      0x100 ./Drivers/STM32F1xx_HAL_Driver/Src/stm32f1xx_hal_cortex.o
 .debug_aranges
                0x000003c0       0x80 ./Drivers/STM32F1xx_HAL_Driver/Src/stm32f1xx_hal_dma.o
 .debug_aranges
                0x00000440       0x58 ./Drivers/STM32F1xx_HAL_Driver/Src/stm32f1xx_hal_gpio.o
 .debug_aranges
                0x00000498       0x90 ./Drivers/STM32F1xx_HAL_Driver/Src/stm32f1xx_hal_rcc.o
 .debug_aranges
                0x00000528      0x3d0 ./Drivers/STM32F1xx_HAL_Driver/Src/stm32f1xx_hal_tim.o
 .debug_aranges
                0x000008f8      0x168 ./Drivers/STM32F1xx_HAL_Driver/Src/stm32f1xx_hal_tim_ex.o
 .debug_aranges
                0x00000a60      0x208 ./Drivers/STM32F1xx_HAL_Driver/Src/stm32f1xx_hal_uart.o
 .debug_aranges
                0x00000c68       0x40 ./Middlewares/Third_Party/FreeRTOS/Source/list.o
 .debug_aranges
                0x00000ca8      0x108 ./Middlewares/Third_Party/FreeRTOS/Source/queue.o
 .debug_aranges
                0x00000db0      0x1a8 ./Middlewares/Third_Party/FreeRTOS/Source/tasks.o
 .debug_aranges
                0x00000f58       0x78 ./Middlewares/Third_Party/FreeRTOS/Source/portable/GCC/ARM_CM3/port.o
 .debug_aranges
                0x00000fd0       0x50 ./Middlewares/Third_Party/FreeRTOS/Source/portable/MemMang/heap_4.o

.debug_rnglists
                0x00000000      0xc94
 .debug_rnglists
                0x00000000       0x13 ./Core/Src/freertos.o
 .debug_rnglists
                0x00000013       0x7a ./Core/Src/main.o
 .debug_rnglists
                0x0000008d       0x32 ./Core/Src/stm32f1xx_hal_msp.o
 .debug_rnglists
                0x000000bf       0x20 ./Core/Src/stm32f1xx_hal_timebase_tim.o
 .debug_rnglists
                0x000000df       0x3d ./Core/Src/stm32f1xx_it.o
 .debug_rnglists
                0x0000011c       0x1a ./Core/Src/system_stm32f1xx.o
 .debug_rnglists
                0x00000136       0x19 ./Core/Startup/startup_stm32f103c8tx.o
 .debug_rnglists
                0x0000014f       0xa3 ./Drivers/STM32F1xx_HAL_Driver/Src/stm32f1xx_hal.o
 .debug_rnglists
                0x000001f2       0xbb ./Drivers/STM32F1xx_HAL_Driver/Src/stm32f1xx_hal_cortex.o
 .debug_rnglists
                0x000002ad       0x64 ./Drivers/STM32F1xx_HAL_Driver/Src/stm32f1xx_hal_dma.o
 .debug_rnglists
                0x00000311       0x3f ./Drivers/STM32F1xx_HAL_Driver/Src/stm32f1xx_hal_gpio.o
 .debug_rnglists
                0x00000350       0x6c ./Drivers/STM32F1xx_HAL_Driver/Src/stm32f1xx_hal_rcc.o
 .debug_rnglists
                0x000003bc      0x31a ./Drivers/STM32F1xx_HAL_Driver/Src/stm32f1xx_hal_tim.o
 .debug_rnglists
                0x000006d6      0x125 ./Drivers/STM32F1xx_HAL_Driver/Src/stm32f1xx_hal_tim_ex.o
 .debug_rnglists
                0x000007fb      0x1bc ./Drivers/STM32F1xx_HAL_Driver/Src/stm32f1xx_hal_uart.o
 .debug_rnglists
                0x000009b7       0x2b ./Middlewares/Third_Party/FreeRTOS/Source/list.o
 .debug_rnglists
                0x000009e2       0xcd ./Middlewares/Third_Party/FreeRTOS/Source/queue.o
 .debug_rnglists
                0x00000aaf      0x153 ./Middlewares/Third_Party/FreeRTOS/Source/tasks.o
 .debug_rnglists
                0x00000c02       0x57 ./Middlewares/Third_Party/FreeRTOS/Source/portable/GCC/ARM_CM3/port.o
 .debug_rnglists
                0x00000c59       0x3b ./Middlewares/Third_Party/FreeRTOS/Source/portable/MemMang/heap_4.o

.debug_macro    0x00000000    0x17bc3
 .debug_macro   0x00000000      0x21a ./Core/Src/freertos.o
 .debug_macro   0x0000021a      0x189 ./Core/Src/freertos.o
 .debug_macro   0x000003a3       0x22 ./Core/Src/freertos.o
 .debug_macro   0x000003c5       0x8e ./Core/Src/freertos.o
 .debug_macro   0x00000453       0x51 ./Core/Src/freertos.o
 .debug_macro   0x000004a4      0x103 ./Core/Src/freertos.o
 .debug_macro   0x000005a7       0x6a ./Core/Src/freertos.o
 .debug_macro   0x00000611      0x1df ./Core/Src/freertos.o
 .debug_macro   0x000007f0       0xd6 ./Core/Src/freertos.o
 .debug_macro   0x000008c6      0x15a ./Core/Src/freertos.o
 .debug_macro   0x00000a20       0xd7 ./Core/Src/freertos.o
 .debug_macro   0x00000af7       0x10 ./Core/Src/freertos.o
 .debug_macro   0x00000b07       0x1f ./Core/Src/freertos.o
 .debug_macro   0x00000b26      0x4b7 ./Core/Src/freertos.o
 .debug_macro   0x00000fdd       0xb5 ./Core/Src/freertos.o
 .debug_macro   0x00001092       0x8c ./Core/Src/freertos.o
 .debug_macro   0x0000111e      0x21b ./Core/Src/freertos.o
 .debug_macro   0x00001339       0x2e ./Core/Src/freertos.o
 .debug_macro   0x00001367       0x22 ./Core/Src/freertos.o
 .debug_macro   0x00001389       0x1c ./Core/Src/freertos.o
 .debug_macro   0x000013a5       0x22 ./Core/Src/freertos.o
 .debug_macro   0x000013c7       0xbd ./Core/Src/freertos.o
 .debug_macro   0x00001484      0xd23 ./Core/Src/freertos.o
 .debug_macro   0x000021a7     0xe09e ./Core/Src/freertos.o
 .debug_macro   0x00010245       0x6d ./Core/Src/freertos.o
 .debug_macro   0x000102b2     0x348d ./Core/Src/freertos.o
 .debug_macro   0x0001373f       0x5c ./Core/Src/freertos.o
 .debug_macro   0x0001379b      0x5bc ./Core/Src/freertos.o
 .debug_macro   0x00013d57      0x289 ./Core/Src/freertos.o
 .debug_macro   0x00013fe0      0x1cb ./Core/Src/freertos.o
 .debug_macro   0x000141ab      0x114 ./Core/Src/freertos.o
 .debug_macro   0x000142bf      0x1b2 ./Core/Src/freertos.o
 .debug_macro   0x00014471       0x27 ./Core/Src/freertos.o
 .debug_macro   0x00014498      0x136 ./Core/Src/freertos.o
 .debug_macro   0x000145ce      0x1bc ./Core/Src/freertos.o
 .debug_macro   0x0001478a       0x34 ./Core/Src/freertos.o
 .debug_macro   0x000147be       0x3c ./Core/Src/freertos.o
 .debug_macro   0x000147fa       0x57 ./Core/Src/freertos.o
 .debug_macro   0x00014851       0x87 ./Core/Src/freertos.o
 .debug_macro   0x000148d8      0x240 ./Core/Src/freertos.o
 .debug_macro   0x00014b18      0x140 ./Core/Src/freertos.o
 .debug_macro   0x00014c58      0x8ed ./Core/Src/freertos.o
 .debug_macro   0x00015545      0x28e ./Core/Src/freertos.o
 .debug_macro   0x000157d3       0x83 ./Core/Src/freertos.o
 .debug_macro   0x00015856       0x70 ./Core/Src/freertos.o
 .debug_macro   0x000158c6      0x2a4 ./Core/Src/main.o
 .debug_macro   0x00015b6a       0xd6 ./Core/Src/main.o
 .debug_macro   0x00015c40       0x91 ./Core/Src/main.o
 .debug_macro   0x00015cd1       0x8d ./Core/Src/main.o
 .debug_macro   0x00015d5e       0x7e ./Core/Src/main.o
 .debug_macro   0x00015ddc       0x19 ./Core/Src/main.o
 .debug_macro   0x00015df5      0x1b2 ./Core/Src/stm32f1xx_hal_msp.o
 .debug_macro   0x00015fa7      0x1a3 ./Core/Src/stm32f1xx_hal_timebase_tim.o
 .debug_macro   0x0001614a      0x1bc ./Core/Src/stm32f1xx_it.o
 .debug_macro   0x00016306      0x1a3 ./Core/Src/system_stm32f1xx.o
 .debug_macro   0x000164a9      0x1c7 ./Drivers/STM32F1xx_HAL_Driver/Src/stm32f1xx_hal.o
 .debug_macro   0x00016670      0x1a3 ./Drivers/STM32F1xx_HAL_Driver/Src/stm32f1xx_hal_cortex.o
 .debug_macro   0x00016813      0x1a3 ./Drivers/STM32F1xx_HAL_Driver/Src/stm32f1xx_hal_dma.o
 .debug_macro   0x000169b6      0x20e ./Drivers/STM32F1xx_HAL_Driver/Src/stm32f1xx_hal_gpio.o
 .debug_macro   0x00016bc4      0x1b5 ./Drivers/STM32F1xx_HAL_Driver/Src/stm32f1xx_hal_rcc.o
 .debug_macro   0x00016d79      0x1a4 ./Drivers/STM32F1xx_HAL_Driver/Src/stm32f1xx_hal_tim.o
 .debug_macro   0x00016f1d      0x1a3 ./Drivers/STM32F1xx_HAL_Driver/Src/stm32f1xx_hal_tim_ex.o
 .debug_macro   0x000170c0      0x1a4 ./Drivers/STM32F1xx_HAL_Driver/Src/stm32f1xx_hal_uart.o
 .debug_macro   0x00017264      0x187 ./Middlewares/Third_Party/FreeRTOS/Source/list.o
 .debug_macro   0x000173eb      0x212 ./Middlewares/Third_Party/FreeRTOS/Source/queue.o
 .debug_macro   0x000175fd       0x16 ./Middlewares/Third_Party/FreeRTOS/Source/queue.o
 .debug_macro   0x00017613      0x280 ./Middlewares/Third_Party/FreeRTOS/Source/tasks.o
 .debug_macro   0x00017893       0x10 ./Middlewares/Third_Party/FreeRTOS/Source/tasks.o
 .debug_macro   0x000178a3      0x172 ./Middlewares/Third_Party/FreeRTOS/Source/portable/GCC/ARM_CM3/port.o
 .debug_macro   0x00017a15      0x1ae ./Middlewares/Third_Party/FreeRTOS/Source/portable/MemMang/heap_4.o

.debug_line     0x00000000    0x12219
 .debug_line    0x00000000      0x76b ./Core/Src/freertos.o
 .debug_line    0x0000076b      0xc87 ./Core/Src/main.o
 .debug_line    0x000013f2      0x729 ./Core/Src/stm32f1xx_hal_msp.o
 .debug_line    0x00001b1b      0x6ea ./Core/Src/stm32f1xx_hal_timebase_tim.o
 .debug_line    0x00002205      0x722 ./Core/Src/stm32f1xx_it.o
 .debug_line    0x00002927      0x6ec ./Core/Src/system_stm32f1xx.o
 .debug_line    0x00003013       0x78 ./Core/Startup/startup_stm32f103c8tx.o
 .debug_line    0x0000308b      0x919 ./Drivers/STM32F1xx_HAL_Driver/Src/stm32f1xx_hal.o
 .debug_line    0x000039a4      0xb05 ./Drivers/STM32F1xx_HAL_Driver/Src/stm32f1xx_hal_cortex.o
 .debug_line    0x000044a9      0xd72 ./Drivers/STM32F1xx_HAL_Driver/Src/stm32f1xx_hal_dma.o
 .debug_line    0x0000521b      0x9b2 ./Drivers/STM32F1xx_HAL_Driver/Src/stm32f1xx_hal_gpio.o
 .debug_line    0x00005bcd      0xd22 ./Drivers/STM32F1xx_HAL_Driver/Src/stm32f1xx_hal_rcc.o
 .debug_line    0x000068ef     0x3423 ./Drivers/STM32F1xx_HAL_Driver/Src/stm32f1xx_hal_tim.o
 .debug_line    0x00009d12     0x1878 ./Drivers/STM32F1xx_HAL_Driver/Src/stm32f1xx_hal_tim_ex.o
 .debug_line    0x0000b58a     0x2862 ./Drivers/STM32F1xx_HAL_Driver/Src/stm32f1xx_hal_uart.o
 .debug_line    0x0000ddec      0x6f7 ./Middlewares/Third_Party/FreeRTOS/Source/list.o
 .debug_line    0x0000e4e3     0x1474 ./Middlewares/Third_Party/FreeRTOS/Source/queue.o
 .debug_line    0x0000f957     0x18bf ./Middlewares/Third_Party/FreeRTOS/Source/tasks.o
 .debug_line    0x00011216      0x747 ./Middlewares/Third_Party/FreeRTOS/Source/portable/GCC/ARM_CM3/port.o
 .debug_line    0x0001195d      0x8bc ./Middlewares/Third_Party/FreeRTOS/Source/portable/MemMang/heap_4.o

.debug_str      0x00000000    0x91813
 .debug_str     0x00000000    0x86f9b ./Core/Src/freertos.o
                              0x87307 (size before relaxing)
 .debug_str     0x00086f9b     0x2791 ./Core/Src/main.o
                              0x89a5e (size before relaxing)
 .debug_str     0x0008972c      0x36e ./Core/Src/stm32f1xx_hal_msp.o
                              0x84315 (size before relaxing)
 .debug_str     0x00089a9a       0xf5 ./Core/Src/stm32f1xx_hal_timebase_tim.o
                              0x83f6e (size before relaxing)
 .debug_str     0x00089b8f       0xdb ./Core/Src/stm32f1xx_it.o
                              0x83f68 (size before relaxing)
 .debug_str     0x00089c6a       0x7e ./Core/Src/system_stm32f1xx.o
                              0x836a6 (size before relaxing)
 .debug_str     0x00089ce8       0x44 ./Core/Startup/startup_stm32f103c8tx.o
                                 0xaa (size before relaxing)
 .debug_str     0x00089d2c      0x34a ./Drivers/STM32F1xx_HAL_Driver/Src/stm32f1xx_hal.o
                              0x83dd9 (size before relaxing)
 .debug_str     0x0008a076      0x27f ./Drivers/STM32F1xx_HAL_Driver/Src/stm32f1xx_hal_cortex.o
                              0x83d25 (size before relaxing)
 .debug_str     0x0008a2f5      0x235 ./Drivers/STM32F1xx_HAL_Driver/Src/stm32f1xx_hal_dma.o
                              0x83a4f (size before relaxing)
 .debug_str     0x0008a52a      0x2d0 ./Drivers/STM32F1xx_HAL_Driver/Src/stm32f1xx_hal_gpio.o
                              0x83a2c (size before relaxing)
 .debug_str     0x0008a7fa      0x1f3 ./Drivers/STM32F1xx_HAL_Driver/Src/stm32f1xx_hal_rcc.o
                              0x83ad5 (size before relaxing)
 .debug_str     0x0008a9ed      0xcfa ./Drivers/STM32F1xx_HAL_Driver/Src/stm32f1xx_hal_tim.o
                              0x84ac7 (size before relaxing)
 .debug_str     0x0008b6e7      0x493 ./Drivers/STM32F1xx_HAL_Driver/Src/stm32f1xx_hal_tim_ex.o
                              0x842e3 (size before relaxing)
 .debug_str     0x0008bb7a      0x5c0 ./Drivers/STM32F1xx_HAL_Driver/Src/stm32f1xx_hal_uart.o
                              0x84146 (size before relaxing)
 .debug_str     0x0008c13a     0x32d1 ./Middlewares/Third_Party/FreeRTOS/Source/list.o
                               0xa7ba (size before relaxing)
 .debug_str     0x0008f40b      0xa6a ./Middlewares/Third_Party/FreeRTOS/Source/queue.o
                               0xc008 (size before relaxing)
 .debug_str     0x0008fe75     0x10ed ./Middlewares/Third_Party/FreeRTOS/Source/tasks.o
                               0xcaac (size before relaxing)
 .debug_str     0x00090f62      0x66e ./Middlewares/Third_Party/FreeRTOS/Source/portable/GCC/ARM_CM3/port.o
                               0x822f (size before relaxing)
 .debug_str     0x000915d0      0x243 ./Middlewares/Third_Party/FreeRTOS/Source/portable/MemMang/heap_4.o
                               0xaf07 (size before relaxing)

.comment        0x00000000       0x43
 .comment       0x00000000       0x43 ./Core/Src/freertos.o
                                 0x44 (size before relaxing)
 .comment       0x00000043       0x44 ./Core/Src/main.o
 .comment       0x00000043       0x44 ./Core/Src/stm32f1xx_hal_msp.o
 .comment       0x00000043       0x44 ./Core/Src/stm32f1xx_hal_timebase_tim.o
 .comment       0x00000043       0x44 ./Core/Src/stm32f1xx_it.o
 .comment       0x00000043       0x44 ./Core/Src/system_stm32f1xx.o
 .comment       0x00000043       0x44 ./Drivers/STM32F1xx_HAL_Driver/Src/stm32f1xx_hal.o
 .comment       0x00000043       0x44 ./Drivers/STM32F1xx_HAL_Driver/Src/stm32f1xx_hal_cortex.o
 .comment       0x00000043       0x44 ./Drivers/STM32F1xx_HAL_Driver/Src/stm32f1xx_hal_dma.o
 .comment       0x00000043       0x44 ./Drivers/STM32F1xx_HAL_Driver/Src/stm32f1xx_hal_gpio.o
 .comment       0x00000043       0x44 ./Drivers/STM32F1xx_HAL_Driver/Src/stm32f1xx_hal_rcc.o
 .comment       0x00000043       0x44 ./Drivers/STM32F1xx_HAL_Driver/Src/stm32f1xx_hal_tim.o
 .comment       0x00000043       0x44 ./Drivers/STM32F1xx_HAL_Driver/Src/stm32f1xx_hal_tim_ex.o
 .comment       0x00000043       0x44 ./Drivers/STM32F1xx_HAL_Driver/Src/stm32f1xx_hal_uart.o
 .comment       0x00000043       0x44 ./Middlewares/Third_Party/FreeRTOS/Source/list.o
 .comment       0x00000043       0x44 ./Middlewares/Third_Party/FreeRTOS/Source/queue.o
 .comment       0x00000043       0x44 ./Middlewares/Third_Party/FreeRTOS/Source/tasks.o
 .comment       0x00000043       0x44 ./Middlewares/Third_Party/FreeRTOS/Source/portable/GCC/ARM_CM3/port.o
 .comment       0x00000043       0x44 ./Middlewares/Third_Party/FreeRTOS/Source/portable/MemMang/heap_4.o

.debug_frame    0x00000000     0x42bc
 .debug_frame   0x00000000       0x38 ./Core/Src/freertos.o
 .debug_frame   0x00000038      0x25c ./Core/Src/main.o
 .debug_frame   0x00000294       0xf0 ./Core/Src/stm32f1xx_hal_msp.o
 .debug_frame   0x00000384       0x74 ./Core/Src/stm32f1xx_hal_timebase_tim.o
 .debug_frame   0x000003f8       0xe0 ./Core/Src/stm32f1xx_it.o
 .debug_frame   0x000004d8       0x58 ./Core/Src/system_stm32f1xx.o
 .debug_frame   0x00000530      0x334 ./Drivers/STM32F1xx_HAL_Driver/Src/stm32f1xx_hal.o
 .debug_frame   0x00000864      0x428 ./Drivers/STM32F1xx_HAL_Driver/Src/stm32f1xx_hal_cortex.o
 .debug_frame   0x00000c8c      0x208 ./Drivers/STM32F1xx_HAL_Driver/Src/stm32f1xx_hal_dma.o
 .debug_frame   0x00000e94      0x14c ./Drivers/STM32F1xx_HAL_Driver/Src/stm32f1xx_hal_gpio.o
 .debug_frame   0x00000fe0      0x218 ./Drivers/STM32F1xx_HAL_Driver/Src/stm32f1xx_hal_rcc.o
 .debug_frame   0x000011f8     0x11bc ./Drivers/STM32F1xx_HAL_Driver/Src/stm32f1xx_hal_tim.o
 .debug_frame   0x000023b4      0x638 ./Drivers/STM32F1xx_HAL_Driver/Src/stm32f1xx_hal_tim_ex.o
 .debug_frame   0x000029ec      0x944 ./Drivers/STM32F1xx_HAL_Driver/Src/stm32f1xx_hal_uart.o
 .debug_frame   0x00003330       0xd8 ./Middlewares/Third_Party/FreeRTOS/Source/list.o
 .debug_frame   0x00003408      0x46c ./Middlewares/Third_Party/FreeRTOS/Source/queue.o
 .debug_frame   0x00003874      0x734 ./Middlewares/Third_Party/FreeRTOS/Source/tasks.o
 .debug_frame   0x00003fa8      0x198 ./Middlewares/Third_Party/FreeRTOS/Source/portable/GCC/ARM_CM3/port.o
 .debug_frame   0x00004140      0x108 ./Middlewares/Third_Party/FreeRTOS/Source/portable/MemMang/heap_4.o
 .debug_frame   0x00004248       0x20 /home/yuval/st/stm32cubeide_1.15.1_2/plugins/com.st.stm32cube.ide.mcu.externaltools.gnu-tools-for-stm32.12.3.rel1.linux64_1.0.200.202406132123/tools/bin/../lib/gcc/arm-none-eabi/12.3.1/../../../../arm-none-eabi/lib/thumb/v7-m/nofp/libc_nano.a(libc_a-memset.o)
 .debug_frame   0x00004268       0x2c /home/yuval/st/stm32cubeide_1.15.1_2/plugins/com.st.stm32cube.ide.mcu.externaltools.gnu-tools-for-stm32.12.3.rel1.linux64_1.0.200.202406132123/tools/bin/../lib/gcc/arm-none-eabi/12.3.1/../../../../arm-none-eabi/lib/thumb/v7-m/nofp/libc_nano.a(libc_a-init.o)
 .debug_frame   0x00004294       0x28 /home/yuval/st/stm32cubeide_1.15.1_2/plugins/com.st.stm32cube.ide.mcu.externaltools.gnu-tools-for-stm32.12.3.rel1.linux64_1.0.200.202406132123/tools/bin/../lib/gcc/arm-none-eabi/12.3.1/../../../../arm-none-eabi/lib/thumb/v7-m/nofp/libc_nano.a(libc_a-memcpy-stub.o)

.debug_line_str
                0x00000000       0x8e
 .debug_line_str
                0x00000000       0x8e ./Core/Startup/startup_stm32f103c8tx.o
