../Core/Src/main.c:113:5:main	8	static
../Core/Src/main.c:206:6:SystemClock_Config	88	static
../Core/Src/main.c:253:13:MX_TIM3_Init	64	static
../Core/Src/main.c:312:13:MX_TIM4_Init	64	static
../Core/Src/main.c:371:13:MX_USART2_UART_Init	8	static
../Core/Src/main.c:404:13:MX_GPIO_Init	48	static
../Core/Src/main.c:463:6:HAL_UART_RxCpltCallback	16	static
../Core/Src/main.c:481:6:calibration	16	static
../Core/Src/main.c:503:6:retrivigCards	16	static
../Core/Src/main.c:520:5:calculateStepsToLevel	16	static
../Core/Src/main.c:548:6:StepperMove	32	static
../Core/Src/main.c:576:6:pullingHandlePush	24	static
../Core/Src/main.c:596:6:cardPushSpin	16	static
../Core/Src/main.c:610:5:getMessegeInterpret2	24	static
../Core/Src/main.c:633:5:getMessegeInterpret	24	static
../Core/Src/main.c:694:6:Error_Handler	4	static,ignoring_inline_asm
